2026-06-23 01:30:04 - === Git Commit/Push Automation Monitor Started ===
2026-06-23 01:30:04 - Expected commit pattern: Automated commit
2026-06-23 01:30:04 - Expected commit interval: 6 hours
2026-06-23 01:30:04 - Maximum commits per day: 4
2026-06-23 01:30:04 - Current branch: main
2026-06-23 01:30:04 - Remote URL: https://github.com/Konstantin2005/ObsiduanMain.git
2026-06-23 01:30:04 - Commits in last 24 hours: Microsoft.PowerShell.Commands.TextMeasureInfo
2026-06-23 01:30:04 - Last commit: d4ed1896cfa67213d83ceabde485534223f6a822 - Auto-commit: 2026-06-23 01:30:03 2026-06-23 01:30:03 +1000 at +1000
2026-06-23 01:30:04 - Repository has uncommitted changes: ?? Calendula/git-failures.log ?? Calendula/git-monitor.log ?? Calendula/logs/
2026-06-23 01:30:04 - Expected commits today: 4
2026-06-23 01:30:04 - Actual commits today: Microsoft.PowerShell.Commands.TextMeasureInfo
2026-06-23 01:30:04 - === Expected vs Actual Commits ===
2026-06-23 01:30:04 - Expected: 2026-06-22 12:00:00 - Automated commit
2026-06-23 01:30:04 - Expected: 2026-06-22 18:00:00 - Automated commit
2026-06-23 01:30:04 - Expected: 2026-06-23 09:00:00 - Automated commit
2026-06-23 01:30:04 - Expected: 2026-06-23 15:00:00 - Automated commit
2026-06-23 01:30:04 - === Actual Commits ===
2026-06-23 01:30:04 - Actual: d4ed1896cf Auto-commit: 2026-06-23 01:30:03
2026-06-23 01:30:04 - Actual: 3dd42440d5 Auto-commit: 2026-06-23 01:28:55
2026-06-23 01:30:04 - Actual: cdfe66eca2 Auto-commit: 2026-06-23 01:28:49
2026-06-23 01:30:04 - Actual: f2cd9b67ca Auto-commit: 2026-06-23 01:28:33
2026-06-23 01:30:04 - Actual: 6408c1c6aa Auto-commit: 2026-06-23 01:28:30
2026-06-23 01:30:04 - Actual: 9427a1ceea Auto-commit: 2026-06-23 01:28:28
2026-06-23 01:30:04 - Actual: 9ae8600e7d Auto-commit: 2026-06-23 01:28:25
2026-06-23 01:30:04 - Actual: 1d58ea2bcf Auto-commit: 2026-06-23 01:28:23
2026-06-23 01:30:04 - Actual: 7ca77366e5 Auto-commit: 2026-06-23 01:28:18
2026-06-23 01:30:04 - Actual: ce91a92abf Auto-commit: 2026-06-23 01:28:16
2026-06-23 01:30:04 - Actual: e755d3458c Auto-commit: 2026-06-23 01:28:13
2026-06-23 01:30:04 - Actual: 62ea04ce81 Auto-commit: 2026-06-23 01:28:11
2026-06-23 01:30:04 - Actual: 65268efc8c Auto-commit: 2026-06-23 01:28:08
2026-06-23 01:30:04 - Actual: 1879f1a49b Auto-commit: 2026-06-23 01:28:05
2026-06-23 01:30:04 - Actual: 7b3dfc999e Auto-commit: 2026-06-23 01:28:03
2026-06-23 01:30:04 - Actual: 3ea4f6a1e0 Auto-commit: 2026-06-23 01:27:58
2026-06-23 01:30:04 - Actual: 306a7b7fad Auto-commit: 2026-06-23 01:27:38
2026-06-23 01:30:04 - Actual: cbba5e4981 Auto-commit: 2026-06-23 01:27:33
2026-06-23 01:30:04 - Actual: b0ee229d0a Auto-commit: 2026-06-23 01:27:29
2026-06-23 01:30:04 - Actual: d0cd07e11c Auto-commit: 2026-06-23 01:27:26
2026-06-23 01:30:04 - Actual: 736ac6aa56 Auto-commit: 2026-06-23 01:27:24
2026-06-23 01:30:04 - Actual: d9e5de728d Auto-commit: 2026-06-23 01:27:21
2026-06-23 01:30:04 - Actual: de5297a9a9 Auto-commit: 2026-06-23 01:27:08
2026-06-23 01:30:04 - Actual: 8addc0b81c Auto-commit: 2026-06-23 01:26:44
2026-06-23 01:30:04 - Actual: f3c671dd1c Auto-commit: 2026-06-23 01:26:37
2026-06-23 01:30:04 - Actual: ec9a8a9ce3 Auto-commit: 2026-06-23 01:26:32
2026-06-23 01:30:04 - Actual: 768f64fb55 Auto-commit: 2026-06-23 01:26:28
2026-06-23 01:30:04 - Actual: f04927f2ff Auto-commit: 2026-06-23 01:26:25
2026-06-23 01:30:04 - Actual: bc3f865eac Auto-commit: 2026-06-23 01:26:21
2026-06-23 01:30:04 - Actual: c91c7e1f39 Auto-commit: 2026-06-23 01:26:18
2026-06-23 01:30:04 - Actual: a272f80919 Auto-commit: 2026-06-23 01:25:23
2026-06-23 01:30:04 - Actual: 2f7dd35124 Auto-commit: 2026-06-23 01:25:20
2026-06-23 01:30:04 - Actual: 24002ac9ff Auto-commit: 2026-06-23 01:24:53
2026-06-23 01:30:04 - Actual: 9034b2b403 Auto-commit: 2026-06-23 01:24:51
2026-06-23 01:30:04 - Actual: b6fab1df43 Auto-commit: 2026-06-23 01:24:32
2026-06-23 01:30:04 - Actual: 12db0d9a53 Auto-commit: 2026-06-23 01:24:29
2026-06-23 01:30:04 - Actual: b4d1dca31f Auto-commit: 2026-06-23 01:24:27
2026-06-23 01:30:04 - Actual: 1e38f08b13 Auto-commit: 2026-06-23 01:23:45
2026-06-23 01:30:04 - Actual: c6e76a5ebd Auto-commit: 2026-06-23 01:23:03
2026-06-23 01:30:04 - Actual: f8638de4eb Auto-commit: 2026-06-23 01:22:28
2026-06-23 01:30:04 - Actual: 81ac28d08a Auto-commit: 2026-06-23 01:22:25
2026-06-23 01:30:04 - Actual: f4db69b403 Auto-commit: 2026-06-23 01:22:10
2026-06-23 01:30:04 - Actual: 72c804b660 Auto-commit: 2026-06-23 01:22:08
2026-06-23 01:30:04 - Actual: 18613194cc Auto-commit: 2026-06-23 01:20:43
2026-06-23 01:30:04 - Actual: 6141e4b8ca Auto-commit: 2026-06-23 01:20:40
2026-06-23 01:30:04 - Actual: 5ebfde6c43 Auto-commit: 2026-06-23 01:19:34
2026-06-23 01:30:04 - Actual: 5d8a9c2231 Auto-commit: 2026-06-23 01:19:26
2026-06-23 01:30:04 - Actual: a8c9f82282 Auto-commit: 2026-06-23 01:19:17
2026-06-23 01:30:04 - Actual: b7d72ae3cd Auto-commit: 2026-06-23 01:19:15
2026-06-23 01:30:04 - Actual: 1c1b44d9d0 Auto-commit: 2026-06-23 01:19:06
2026-06-23 01:30:04 - Actual: 25d05c7c80 Auto-commit: 2026-06-23 01:18:47
2026-06-23 01:30:04 - Actual: 2250e25926 Auto-commit: 2026-06-23 01:18:45
2026-06-23 01:30:04 - Actual: 18837ad092 Auto-commit: 2026-06-23 01:18:33
2026-06-23 01:30:04 - Actual: 065b7721d2 Auto-commit: 2026-06-23 01:18:30
2026-06-23 01:30:04 - Actual: 001cc4c2b2 Auto-commit: 2026-06-23 01:18:28
2026-06-23 01:30:04 - Actual: acf3cbf927 Auto-commit: 2026-06-23 01:18:19
2026-06-23 01:30:04 - Actual: ba367e235b Auto-commit: 2026-06-23 01:18:17
2026-06-23 01:30:04 - Actual: c67f4d5a02 Auto-commit: 2026-06-23 01:18:06
2026-06-23 01:30:04 - Actual: 530b27b58e Auto-commit: 2026-06-23 01:18:04
2026-06-23 01:30:04 - Actual: 747e47e8d7 Auto-commit: 2026-06-23 01:17:55
2026-06-23 01:30:04 - Actual: 08b6efb0c3 Auto-commit: 2026-06-23 01:17:34
2026-06-23 01:30:04 - Actual: 9f827404cc Auto-commit: 2026-06-23 01:17:28
2026-06-23 01:30:04 - Actual: 8685499129 Auto-commit: 2026-06-23 01:17:25
2026-06-23 01:30:04 - Actual: e6df97f563 Auto-commit: 2026-06-23 01:17:23
2026-06-23 01:30:04 - Actual: 6b71822cf8 Auto-commit: 2026-06-23 01:17:20
2026-06-23 01:30:04 - Actual: bf3f89bd78 Auto-commit: 2026-06-23 01:17:14
2026-06-23 01:30:04 - Actual: ea2cc59d45 Auto-commit: 2026-06-23 01:17:11
2026-06-23 01:30:04 - Actual: e7198317ee Auto-commit: 2026-06-23 01:16:55
2026-06-23 01:30:04 - Actual: d36b13ab40 Auto-commit: 2026-06-23 01:16:52
2026-06-23 01:30:04 - Actual: aa0e6010d0 Auto-commit: 2026-06-23 01:16:50
2026-06-23 01:30:04 - Actual: 8edc656924 Auto-commit: 2026-06-23 01:16:47
2026-06-23 01:30:04 - Actual: 13dd9f3cee Auto-commit: 2026-06-23 01:16:42
2026-06-23 01:30:04 - Actual: 27ae8aec6d Auto-commit: 2026-06-23 01:16:40
2026-06-23 01:30:04 - Actual: 97cd4098ec Auto-commit: 2026-06-23 01:16:37
2026-06-23 01:30:04 - Actual: 4b36b64219 Auto-commit: 2026-06-23 01:16:35
2026-06-23 01:30:04 - Actual: 21a9bba47f Auto-commit: 2026-06-23 01:16:32
2026-06-23 01:30:04 - Actual: 09073317d6 Auto-commit: 2026-06-23 01:16:22
2026-06-23 01:30:04 - Actual: e98e732824 Auto-commit: 2026-06-23 01:16:17
2026-06-23 01:30:04 - Actual: e3d9697915 Auto-commit: 2026-06-23 01:16:15
2026-06-23 01:30:04 - Actual: 53c8edbea7 Auto-commit: 2026-06-23 01:16:10
2026-06-23 01:30:04 - Actual: 7d33d33c8b Auto-commit: 2026-06-23 01:16:08
2026-06-23 01:30:04 - Actual: df668fd5d1 Auto-commit: 2026-06-23 01:16:05
2026-06-23 01:30:04 - Actual: fb2a88aaee Auto-commit: 2026-06-23 01:16:03
2026-06-23 01:30:04 - Actual: 16721e4b1d Auto-commit: 2026-06-23 01:16:00
2026-06-23 01:30:04 - Actual: 5b601cbb96 Auto-commit: 2026-06-23 01:15:56
2026-06-23 01:30:04 - Actual: de923f235e Auto-commit: 2026-06-23 01:15:51
2026-06-23 01:30:04 - Actual: a5e4914549 Auto-commit: 2026-06-23 01:15:48
2026-06-23 01:30:04 - Actual: 3251e6bf9c Auto-commit: 2026-06-23 01:15:46
2026-06-23 01:30:04 - Actual: 282310e54a Auto-commit: 2026-06-23 01:15:41
2026-06-23 01:30:04 - Actual: 8a314bb476 Auto-commit: 2026-06-23 01:15:39
2026-06-23 01:30:04 - Actual: de554ef578 Auto-commit: 2026-06-23 01:15:36
2026-06-23 01:30:04 - Actual: f8147e245b Auto-commit: 2026-06-23 01:15:22
2026-06-23 01:30:04 - Actual: 360bf80600 Auto-commit: 2026-06-23 01:15:17
2026-06-23 01:30:04 - Actual: 40461140e6 Auto-commit: 2026-06-23 01:15:15
2026-06-23 01:30:04 - Actual: 29654f9edb Auto-commit: 2026-06-23 01:15:12
2026-06-23 01:30:04 - Actual: 1c43a0a67c Auto-commit: 2026-06-23 01:15:10
2026-06-23 01:30:04 - Actual: 088086cf50 Auto-commit: 2026-06-23 01:15:05
2026-06-23 01:30:04 - Actual: efd73b2c91 Auto-commit: 2026-06-23 01:15:03
2026-06-23 01:30:04 - Actual: 255f97c3dc Auto-commit: 2026-06-23 01:14:58
2026-06-23 01:30:04 - Actual: fb094e6f7c Auto-commit: 2026-06-23 01:14:53
2026-06-23 01:30:04 - Actual: d3e0f83e97 Auto-commit: 2026-06-23 01:14:51
2026-06-23 01:30:04 - Actual: 7b8aaa2448 Auto-commit: 2026-06-23 01:14:48
2026-06-23 01:30:04 - Actual: 272ad5db3f Auto-commit: 2026-06-23 01:14:44
2026-06-23 01:30:04 - Actual: ef9f996a27 Auto-commit: 2026-06-23 01:14:39
2026-06-23 01:30:04 - Actual: cb9d015f02 Auto-commit: 2026-06-23 01:14:35
2026-06-23 01:30:04 - Actual: 2c25085d5c Auto-commit: 2026-06-23 01:14:32
2026-06-23 01:30:04 - Actual: 74cef24295 Auto-commit: 2026-06-23 01:14:30
2026-06-23 01:30:04 - Actual: 2180ef21da Auto-commit: 2026-06-23 01:14:21
2026-06-23 01:30:04 - Actual: 024212dfbe Auto-commit: 2026-06-23 01:14:19
2026-06-23 01:30:04 - Actual: c64e1d56ce Auto-commit: 2026-06-23 01:14:16
2026-06-23 01:30:04 - Actual: 5c278e365d Auto-commit: 2026-06-23 01:13:58
2026-06-23 01:30:04 - Actual: 565e0bdc64 Auto-commit: 2026-06-23 01:13:55
2026-06-23 01:30:04 - Actual: bd8a6cd6f8 Auto-commit: 2026-06-23 01:13:53
2026-06-23 01:30:04 - Actual: 23219c8376 Auto-commit: 2026-06-23 01:13:48
2026-06-23 01:30:04 - Actual: 45f8f8982b Auto-commit: 2026-06-23 01:13:46
2026-06-23 01:30:04 - Actual: 4cdaf2217c Auto-commit: 2026-06-23 01:13:32
2026-06-23 01:30:04 - Actual: 1fb1bc8e1c Auto-commit: 2026-06-23 01:13:30
2026-06-23 01:30:04 - Actual: bf5469638d Auto-commit: 2026-06-23 01:13:09
2026-06-23 01:30:04 - Actual: 95d024786d Auto-commit: 2026-06-23 01:13:00
2026-06-23 01:30:04 - Actual: 1763766b65 Auto-commit: 2026-06-23 01:12:54
2026-06-23 01:30:04 - Actual: 46cdad1101 Auto-commit: 2026-06-23 01:12:35
2026-06-23 01:30:04 - Actual: e6bc573247 Auto-commit: 2026-06-23 01:12:32
2026-06-23 01:30:04 - Actual: 5c4f07aa29 Auto-commit: 2026-06-23 01:10:32
2026-06-23 01:30:04 - Actual: d837f864c8 Auto-commit: 2026-06-23 01:10:30
2026-06-23 01:30:04 - Actual: 1009470877 Auto-commit: 2026-06-23 01:10:25
2026-06-23 01:30:04 - Actual: 5684fe1c60 Auto-commit: 2026-06-23 01:10:00
2026-06-23 01:30:04 - Actual: 716ad43706 Auto-commit: 2026-06-23 01:07:57
2026-06-23 01:30:04 - Actual: be1bff6d49 Auto-commit: 2026-06-23 01:07:51
2026-06-23 01:30:04 - Actual: e737b6ad87 Auto-commit: 2026-06-23 01:07:48
2026-06-23 01:30:04 - Actual: 792205183e Auto-commit: 2026-06-23 01:07:41
2026-06-23 01:30:04 - Actual: 9f0c822c49 Auto-commit: 2026-06-23 01:07:37
2026-06-23 01:30:04 - Actual: 375bc32588 Auto-commit: 2026-06-23 01:07:34
2026-06-23 01:30:04 - Actual: edc8e00636 Auto-commit: 2026-06-23 01:07:32
2026-06-23 01:30:04 - Actual: e0cbdc6c86 Auto-commit: 2026-06-23 01:07:29
2026-06-23 01:30:04 - Actual: 7f5b76527e Auto-commit: 2026-06-23 01:07:27
2026-06-23 01:30:04 - Actual: 6207b98ecd Auto-commit: 2026-06-23 01:07:24
2026-06-23 01:30:04 - Actual: 4ec43195dc Auto-commit: 2026-06-23 01:07:22
2026-06-23 01:30:04 - Actual: 477a14da99 Auto-commit: 2026-06-23 01:07:19
2026-06-23 01:30:04 - Actual: 710c436840 Auto-commit: 2026-06-23 01:07:16
2026-06-23 01:30:04 - Actual: b192054e65 Auto-commit: 2026-06-23 01:07:14
2026-06-23 01:30:04 - Actual: 69a87972c9 Auto-commit: 2026-06-23 01:07:08
2026-06-23 01:30:04 - Actual: c2b5b78afb Auto-commit: 2026-06-23 01:07:05
2026-06-23 01:30:04 - Actual: 173d4dc29d Auto-commit: 2026-06-23 01:07:02
2026-06-23 01:30:04 - Actual: de17fb924f Auto-commit: 2026-06-23 01:06:59
2026-06-23 01:30:04 - Actual: d5cb962914 Auto-commit: 2026-06-23 01:06:55
2026-06-23 01:30:04 - Actual: 52637982b4 Auto-commit: 2026-06-23 01:06:52
2026-06-23 01:30:04 - Actual: fc510268f7 Auto-commit: 2026-06-23 01:06:48
2026-06-23 01:30:04 - Actual: 7d6ed3e3c9 Auto-commit: 2026-06-23 01:06:39
2026-06-23 01:30:04 - Actual: 63fd246e4f Auto-commit: 2026-06-23 01:06:35
2026-06-23 01:30:04 - Actual: 71402a3fbf Auto-commit: 2026-06-23 01:06:30
2026-06-23 01:30:04 - Actual: 06829b95cb Auto-commit: 2026-06-23 01:06:14
2026-06-23 01:30:04 - Actual: fe9f4156c4 Auto-commit: 2026-06-23 01:06:10
2026-06-23 01:30:04 - Actual: b40b608e95 Auto-commit: 2026-06-23 01:06:03
2026-06-23 01:30:04 - Actual: 55f1117b4b Auto-commit: 2026-06-23 01:05:49
2026-06-23 01:30:04 - Actual: 312651e358 Auto-commit: 2026-06-23 01:05:16
2026-06-23 01:30:04 - Actual: f90c94e45a Auto-commit: 2026-06-23 01:05:13
2026-06-23 01:30:04 - Actual: e5d7cb03bd Auto-commit: 2026-06-23 01:05:05
2026-06-23 01:30:04 - Actual: 33aa9d289c Auto-commit: 2026-06-23 01:04:52
2026-06-23 01:30:04 - Actual: caca18cc6c Auto-commit: 2026-06-23 01:04:49
2026-06-23 01:30:04 - Actual: 6ddfac141c Auto-commit: 2026-06-23 01:04:39
2026-06-23 01:30:04 - Actual: b9de5af559 Auto-commit: 2026-06-23 01:04:36
2026-06-23 01:30:04 - Actual: 625f43f0d1 Auto-commit: 2026-06-23 01:04:02
2026-06-23 01:30:04 - Actual: ae64df3f5a Auto-commit: 2026-06-23 01:04:00
2026-06-23 01:30:04 - Actual: 89e47480c5 Auto-commit: 2026-06-23 01:03:43
2026-06-23 01:30:04 - Actual: b8a948c112 Auto-commit: 2026-06-23 01:03:30
2026-06-23 01:30:04 - Actual: 500c03ce5e Auto-commit: 2026-06-23 01:03:27
2026-06-23 01:30:04 - Actual: 8bd9d396b6 Auto-commit: 2026-06-23 01:03:23
2026-06-23 01:30:04 - Actual: a99aaae729 Auto-commit: 2026-06-23 01:03:20
2026-06-23 01:30:04 - Actual: 4dbcabb744 Auto-commit: 2026-06-23 01:02:32
2026-06-23 01:30:04 - Actual: a1abc49917 Auto-commit: 2026-06-23 01:02:28
2026-06-23 01:30:04 - Actual: eb760b9e27 Auto-commit: 2026-06-23 01:01:51
2026-06-23 01:30:04 - Actual: c2d787c0dc Auto-commit: 2026-06-23 01:01:28
2026-06-23 01:30:04 - Actual: 6092cbe5e7 Auto-commit: 2026-06-23 01:01:26
2026-06-23 01:30:04 - Actual: d2bee4c0ef Auto-commit: 2026-06-23 01:01:19
2026-06-23 01:30:04 - Actual: 909a71289a Auto-commit: 2026-06-23 01:01:17
2026-06-23 01:30:04 - Actual: 1c58200c71 Auto-commit: 2026-06-23 01:01:14
2026-06-23 01:30:04 - Actual: 86da0efc3a Auto-commit: 2026-06-23 01:01:12
2026-06-23 01:30:04 - Actual: 35b44531d6 Auto-commit: 2026-06-23 01:01:09
2026-06-23 01:30:04 - Actual: e9f380ec41 Auto-commit: 2026-06-23 01:01:03
2026-06-23 01:30:04 - Actual: cbe90aecc5 Auto-commit: 2026-06-23 01:00:58
2026-06-23 01:30:04 - Actual: 8fa4858d82 Auto-commit: 2026-06-23 01:00:55
2026-06-23 01:30:04 - Actual: 5fb22d9313 Auto-commit: 2026-06-23 01:00:53
2026-06-23 01:30:04 - Actual: 413ec089f1 Auto-commit: 2026-06-23 01:00:50
2026-06-23 01:30:04 - Actual: 78e3717d34 Auto-commit: 2026-06-23 01:00:45
2026-06-23 01:30:04 - Actual: fdbbc67bcb Auto-commit: 2026-06-23 01:00:43
2026-06-23 01:30:04 - Actual: c24d40b92a Auto-commit: 2026-06-23 01:00:37
2026-06-23 01:30:04 - Actual: 081648e962 Auto-commit: 2026-06-23 01:00:30
2026-06-23 01:30:04 - Actual: 3c2f841064 Auto-commit: 2026-06-23 01:00:28
2026-06-23 01:30:04 - Actual: c3191ede4c Auto-commit: 2026-06-23 01:00:21
2026-06-23 01:30:04 - Actual: 0fc190f4a5 Auto-commit: 2026-06-23 01:00:18
2026-06-23 01:30:04 - Actual: 7a97b2ed13 Auto-commit: 2026-06-23 01:00:16
2026-06-23 01:30:04 - Actual: 378a9c28d1 Auto-commit: 2026-06-23 01:00:13
2026-06-23 01:30:04 - Actual: c8cc9c8d1e Auto-commit: 2026-06-23 01:00:11
2026-06-23 01:30:04 - Actual: 50f849d5dc Auto-commit: 2026-06-23 01:00:04
2026-06-23 01:30:04 - Actual: cba974b0e8 Auto-commit: 2026-06-23 01:00:02
2026-06-23 01:30:04 - Actual: ec42055363 Auto-commit: 2026-06-23 00:59:59
2026-06-23 01:30:04 - Actual: 45cceaedd7 Auto-commit: 2026-06-23 00:59:57
2026-06-23 01:30:04 - Actual: 89a3fe9ffd Auto-commit: 2026-06-23 00:59:54
2026-06-23 01:30:04 - Actual: 37f8da6828 Auto-commit: 2026-06-23 00:59:52
2026-06-23 01:30:04 - Actual: 0db296cc59 Auto-commit: 2026-06-23 00:59:49
2026-06-23 01:30:04 - Actual: e9df10ba6a Auto-commit: 2026-06-23 00:59:46
2026-06-23 01:30:04 - Actual: 8223d47e90 Auto-commit: 2026-06-23 00:59:44
2026-06-23 01:30:04 - Actual: 49c7a6f9e9 Auto-commit: 2026-06-23 00:59:29
2026-06-23 01:30:04 - Actual: 18161b9cb0 Auto-commit: 2026-06-23 00:58:55
2026-06-23 01:30:04 - Actual: ba7effc04d Auto-commit: 2026-06-23 00:58:44
2026-06-23 01:30:04 - Actual: 4427f96e77 Auto-commit: 2026-06-23 00:58:42
2026-06-23 01:30:04 - Actual: 421d7f6bb2 Auto-commit: 2026-06-23 00:58:24
2026-06-23 01:30:04 - Actual: 49414bdecf Auto-commit: 2026-06-23 00:58:22
2026-06-23 01:30:04 - Actual: 10d5a8261e Auto-commit: 2026-06-23 00:58:15
2026-06-23 01:30:04 - Actual: 537f8faaba Auto-commit: 2026-06-23 00:58:11
2026-06-23 01:30:04 - Actual: 5b693a269b Auto-commit: 2026-06-23 00:58:06
2026-06-23 01:30:04 - Actual: 14d05e1c6c Auto-commit: 2026-06-23 00:58:04
2026-06-23 01:30:04 - Actual: 31a48df92f Auto-commit: 2026-06-23 00:58:01
2026-06-23 01:30:04 - Actual: 21bb1a2214 Auto-commit: 2026-06-23 00:57:59
2026-06-23 01:30:04 - Actual: a51499fba1 Auto-commit: 2026-06-23 00:57:42
2026-06-23 01:30:04 - Actual: 5d66e45bf0 Auto-commit: 2026-06-23 00:56:53
2026-06-23 01:30:04 - Actual: 58da3b04e4 Auto-commit: 2026-06-23 00:56:43
2026-06-23 01:30:04 - Actual: 3630e37520 Auto-commit: 2026-06-23 00:56:38
2026-06-23 01:30:04 - Actual: 139dba9568 Auto-commit: 2026-06-23 00:56:36
2026-06-23 01:30:04 - Actual: c7cccba86c Auto-commit: 2026-06-23 00:56:33
2026-06-23 01:30:04 - Actual: bb75e93718 Auto-commit: 2026-06-23 00:56:29
2026-06-23 01:30:04 - Actual: f8b2ad5602 Auto-commit: 2026-06-23 00:56:24
2026-06-23 01:30:04 - Actual: d580cd32d0 Auto-commit: 2026-06-23 00:56:02
2026-06-23 01:30:04 - Actual: 1f220876ff Auto-commit: 2026-06-23 00:55:33
2026-06-23 01:30:04 - Actual: a6b146f6e4 Auto-commit: 2026-06-23 00:55:31
2026-06-23 01:30:04 - Actual: b87c444ddd Auto-commit: 2026-06-23 00:55:18
2026-06-23 01:30:04 - Actual: e8226828ba Auto-commit: 2026-06-23 00:53:28
2026-06-23 01:30:04 - Actual: 29ec9b4440 Auto-commit: 2026-06-23 00:53:20
2026-06-23 01:30:04 - Actual: 14f7f6a615 Auto-commit: 2026-06-23 00:53:15
2026-06-23 01:30:04 - Actual: aa76ddbdd9 Auto-commit: 2026-06-23 00:53:13
2026-06-23 01:30:04 - Actual: 77e30a49e2 Auto-commit: 2026-06-23 00:53:10
2026-06-23 01:30:04 - Actual: d473444aed Auto-commit: 2026-06-23 00:52:56
2026-06-23 01:30:04 - Actual: cdc221a778 Auto-commit: 2026-06-23 00:52:52
2026-06-23 01:30:04 - Actual: 37c0cf9005 Auto-commit: 2026-06-23 00:52:47
2026-06-23 01:30:04 - Actual: 095a5165b7 Auto-commit: 2026-06-23 00:52:44
2026-06-23 01:30:04 - Actual: 2f4023d7f3 Auto-commit: 2026-06-22 23:51:24
2026-06-23 01:30:04 - Actual: 957500e58a Auto-commit: 2026-06-22 23:51:22
2026-06-23 01:30:04 - Actual: 4f8908a0e7 Auto-commit: 2026-06-22 23:51:19
2026-06-23 01:30:04 - Actual: 350f9215b9 Auto-commit: 2026-06-22 23:51:16
2026-06-23 01:30:04 - Actual: 43dc89039e Auto-commit: 2026-06-22 23:48:40
2026-06-23 01:30:04 - Actual: 4d6f9e4d90 Auto-commit: 2026-06-22 23:13:51
2026-06-23 01:30:04 - Actual: 0f88a71ef1 Auto-commit: 2026-06-22 23:13:49
2026-06-23 01:30:04 - Actual: 0e2cd52e9a Auto-commit: 2026-06-22 23:13:44
2026-06-23 01:30:04 - Actual: 8899d4149b Auto-commit: 2026-06-22 23:13:41
2026-06-23 01:30:04 - Actual: 621f3f4d32 Auto-commit: 2026-06-22 23:13:39
2026-06-23 01:30:04 - Actual: 2a64d94795 Auto-commit: 2026-06-22 23:08:00
2026-06-23 01:30:04 - Actual: 9194c991b9 Auto-commit: 2026-06-22 23:05:38
2026-06-23 01:30:04 - Actual: f5cba96320 Auto-commit: 2026-06-22 22:58:05
2026-06-23 01:30:04 - Actual: 6e48194dd6 Auto-commit: 2026-06-22 22:58:00
2026-06-23 01:30:04 - Actual: dabc009b90 Auto-commit: 2026-06-22 22:57:14
2026-06-23 01:30:04 - Actual: b74c332c3a Auto-commit: 2026-06-22 22:57:09
2026-06-23 01:30:04 - Actual: b1d27b12ad Auto-commit: 2026-06-22 22:57:07
2026-06-23 01:30:04 - Actual: 4f38ff4874 Auto-commit: 2026-06-22 22:57:04
2026-06-23 01:30:04 - Actual: 79673e08a0 Auto-commit: 2026-06-22 22:57:01
2026-06-23 01:30:04 - Actual: 6278cc7260 Auto-commit: 2026-06-22 22:56:55
2026-06-23 01:30:04 - Actual: 644d4d2823 Auto-commit: 2026-06-22 22:56:53
2026-06-23 01:30:04 - Actual: 747118e690 Auto-commit: 2026-06-22 22:56:26
2026-06-23 01:30:04 - Actual: 5a64259b0e Auto-commit: 2026-06-22 22:56:23
2026-06-23 01:30:04 - Actual: 5a317cc59e Auto-commit: 2026-06-22 22:56:13
2026-06-23 01:30:04 - Actual: 17a4f660f7 Auto-commit: 2026-06-22 22:55:51
2026-06-23 01:30:04 - Actual: 071655f02d Auto-commit: 2026-06-22 22:55:47
2026-06-23 01:30:04 - Actual: 4f9b0232bc Auto-commit: 2026-06-22 22:55:42
2026-06-23 01:30:04 - Actual: 80cf3dd05e Auto-commit: 2026-06-22 22:55:39
2026-06-23 01:30:04 - Actual: fe70a88384 Auto-commit: 2026-06-22 22:55:31
2026-06-23 01:30:04 - Actual: 819b0e49af Auto-commit: 2026-06-22 22:55:28
2026-06-23 01:30:04 - Actual: 6654c5bfc3 Auto-commit: 2026-06-22 22:55:21
2026-06-23 01:30:04 - Actual: 39a8e0eb81 Auto-commit: 2026-06-22 22:55:19
2026-06-23 01:30:04 - Actual: 375d93d0f9 Auto-commit: 2026-06-22 22:55:14
2026-06-23 01:30:04 - Actual: 30faed8248 Auto-commit: 2026-06-22 22:55:09
2026-06-23 01:30:04 - Actual: c5783cc7fb Auto-commit: 2026-06-22 22:55:07
2026-06-23 01:30:04 - Actual: 60c7a5be53 Auto-commit: 2026-06-22 22:54:52
2026-06-23 01:30:04 - Actual: bd0fefb3a7 Auto-commit: 2026-06-22 22:54:50
2026-06-23 01:30:04 - Actual: da66971330 Auto-commit: 2026-06-22 22:54:41
2026-06-23 01:30:04 - Actual: 50d9090515 Auto-commit: 2026-06-22 22:54:32
2026-06-23 01:30:04 - Actual: 3bcfd077c4 Auto-commit: 2026-06-22 22:54:30
2026-06-23 01:30:04 - Actual: 61de8e2bc0 Auto-commit: 2026-06-22 22:53:49
2026-06-23 01:30:04 - Actual: 4eb873028a Auto-commit: 2026-06-22 22:53:43
2026-06-23 01:30:04 - Actual: 7b6357eecc Auto-commit: 2026-06-22 22:53:40
2026-06-23 01:30:04 - Actual: 71441c3f69 Auto-commit: 2026-06-22 22:48:43
2026-06-23 01:30:04 - Actual: e1116389c2 Auto-commit: 2026-06-22 22:48:38
2026-06-23 01:30:04 - Actual: 325511b7fd Auto-commit: 2026-06-22 22:48:32
2026-06-23 01:30:04 - Actual: 4453df8968 Auto-commit: 2026-06-22 22:48:27
2026-06-23 01:30:04 - Actual: a78a325aee Auto-commit: 2026-06-22 22:48:17
2026-06-23 01:30:04 - Actual: 7cfd8a51fc Auto-commit: 2026-06-22 22:48:14
2026-06-23 01:30:04 - Actual: 762c6aa978 Auto-commit: 2026-06-22 22:48:10
2026-06-23 01:30:04 - Actual: 0e59b77330 Auto-commit: 2026-06-22 22:47:57
2026-06-23 01:30:04 - Actual: 2936a51473 Auto-commit: 2026-06-22 22:47:51
2026-06-23 01:30:04 - Actual: 55d5c37abd Auto-commit: 2026-06-22 22:47:44
2026-06-23 01:30:04 - Actual: c98c9386dc Auto-commit: 2026-06-22 22:47:28
2026-06-23 01:30:04 - Actual: ae791acbf5 Auto-commit: 2026-06-22 22:47:23
2026-06-23 01:30:04 - Actual: 6e989461b2 Auto-commit: 2026-06-22 22:47:17
2026-06-23 01:30:04 - Actual: fe2bf0c470 Auto-commit: 2026-06-22 22:47:10
2026-06-23 01:30:04 - Actual: 32acc6f256 Auto-commit: 2026-06-22 22:47:00
2026-06-23 01:30:04 - Actual: dbfc210320 Auto-commit: 2026-06-22 22:46:51
2026-06-23 01:30:04 - Actual: 2e66957da5 Auto-commit: 2026-06-22 22:46:45
2026-06-23 01:30:04 - Actual: c1b0bcfc34 Auto-commit: 2026-06-22 22:46:10
2026-06-23 01:30:04 - Actual: 66613ecbb4 Auto-commit: 2026-06-22 22:45:25
2026-06-23 01:30:04 - Actual: 3790c26682 Auto-commit: 2026-06-22 22:45:18
2026-06-23 01:30:04 - Actual: e878d805fa Auto-commit: 2026-06-22 22:43:21
2026-06-23 01:30:04 - Actual: d3b8c2de28 Auto-commit: 2026-06-22 22:43:06
2026-06-23 01:30:04 - Actual: f177ae637c Auto-commit: 2026-06-22 22:42:46
2026-06-23 01:30:04 - Actual: a8032928a9 Auto-commit: 2026-06-22 22:42:33
2026-06-23 01:30:04 - Actual: 9ea1c104a1 Auto-commit: 2026-06-22 22:41:15
2026-06-23 01:30:04 - Actual: 467f4d07b0 Auto-commit: 2026-06-22 22:40:58
2026-06-23 01:30:04 - Actual: df2c8c6ea3 Auto-commit: 2026-06-22 22:40:56
2026-06-23 01:30:04 - Actual: a508743c17 Auto-commit: 2026-06-22 22:40:53
2026-06-23 01:30:04 - Actual: 0aeed4f08d Auto-commit: 2026-06-22 22:38:56
2026-06-23 01:30:04 - Actual: 787d93339b Auto-commit: 2026-06-22 22:38:53
2026-06-23 01:30:04 - Actual: 857dab7171 Auto-commit: 2026-06-22 22:38:07
2026-06-23 01:30:04 - Actual: 4ceee5e827 Auto-commit: 2026-06-22 22:37:31
2026-06-23 01:30:04 - Actual: 9b08470785 Auto-commit: 2026-06-22 22:37:22
2026-06-23 01:30:04 - Actual: 97ce74e7d3 Auto-commit: 2026-06-22 22:37:20
2026-06-23 01:30:04 - Actual: 190ddfff9c Auto-commit: 2026-06-22 22:37:15
2026-06-23 01:30:04 - Actual: cb2c4c6b8d Auto-commit: 2026-06-22 22:35:48
2026-06-23 01:30:04 - Actual: 1bce2ef7e8 Auto-commit: 2026-06-22 22:35:46
2026-06-23 01:30:04 - Actual: 99be9a2158 Auto-commit: 2026-06-22 22:35:39
2026-06-23 01:30:04 - Actual: 2705da370b Auto-commit: 2026-06-22 22:34:47
2026-06-23 01:30:04 - Actual: f3ed22e009 Auto-commit: 2026-06-22 22:34:14
2026-06-23 01:30:04 - Actual: 43982be436 Auto-commit: 2026-06-22 22:34:12
2026-06-23 01:30:04 - Actual: 5f02a19fce Auto-commit: 2026-06-22 22:34:09
2026-06-23 01:30:04 - Actual: 1abf1be0fb Auto-commit: 2026-06-22 22:33:53
2026-06-23 01:30:04 - Actual: bdda3a81e5 Auto-commit: 2026-06-22 22:33:50
2026-06-23 01:30:04 - Actual: f57512875c Auto-commit: 2026-06-22 22:33:48
2026-06-23 01:30:04 - Actual: 627a104c7d Auto-commit: 2026-06-22 22:33:00
2026-06-23 01:30:04 - Actual: 433dd3bb80 Auto-commit: 2026-06-22 22:32:57
2026-06-23 01:30:04 - Actual: 232a47be5e Auto-commit: 2026-06-22 22:32:55
2026-06-23 01:30:04 - Actual: 38d797bc9b Auto-commit: 2026-06-22 22:32:52
2026-06-23 01:30:04 - Actual: 0ffe103c7b Auto-commit: 2026-06-22 22:32:34
2026-06-23 01:30:04 - Actual: 9d78b10727 Auto-commit: 2026-06-22 22:32:31
2026-06-23 01:30:04 - Actual: 76d7168727 Auto-commit: 2026-06-22 22:32:29
2026-06-23 01:30:04 - Actual: ca385cf4ef Auto-commit: 2026-06-22 22:31:44
2026-06-23 01:30:04 - Actual: a34e13c760 Auto-commit: 2026-06-22 22:31:42
2026-06-23 01:30:04 - Actual: bc25af1bd7 Auto-commit: 2026-06-22 22:31:31
2026-06-23 01:30:04 - Actual: 80e04ceb04 Auto-commit: 2026-06-22 22:31:11
2026-06-23 01:30:04 - Actual: 8f30160191 Auto-commit: 2026-06-22 22:30:56
2026-06-23 01:30:04 - Actual: 40c0b314f4 Auto-commit: 2026-06-22 22:30:53
2026-06-23 01:30:04 - Actual: 2832a2dae1 Auto-commit: 2026-06-22 22:30:47
2026-06-23 01:30:04 - Actual: dd83fb65e2 Auto-commit: 2026-06-22 22:30:13
2026-06-23 01:30:04 - Actual: 7c0016f719 Auto-commit: 2026-06-22 22:28:31
2026-06-23 01:30:04 - Actual: dabde047cd Auto-commit: 2026-06-22 22:28:28
2026-06-23 01:30:04 - Actual: b00b963ae3 Auto-commit: 2026-06-22 22:28:26
2026-06-23 01:30:04 - Actual: 064b520a8d Auto-commit: 2026-06-22 22:28:23
2026-06-23 01:30:04 - Actual: 32b0178417 Auto-commit: 2026-06-22 22:28:21
2026-06-23 01:30:04 - Actual: f572cc3994 Auto-commit: 2026-06-22 22:28:18
2026-06-23 01:30:04 - Actual: 7885f62221 Auto-commit: 2026-06-22 22:28:16
2026-06-23 01:30:04 - Actual: 9cadc6b8c8 Auto-commit: 2026-06-22 22:27:39
2026-06-23 01:30:04 - Actual: 26705945ce Auto-commit: 2026-06-22 22:27:37
2026-06-23 01:30:04 - Actual: 42b2842113 Auto-commit: 2026-06-22 22:27:34
2026-06-23 01:30:04 - Actual: db2eb7b0ec Auto-commit: 2026-06-22 22:27:30
2026-06-23 01:30:04 - Actual: 1a9a08b81c Auto-commit: 2026-06-22 22:27:19
2026-06-23 01:30:04 - Actual: 05335604e2 Auto-commit: 2026-06-22 22:27:17
2026-06-23 01:30:04 - Actual: 45f26488d1 Auto-commit: 2026-06-22 22:27:14
2026-06-23 01:30:04 - Actual: c27aac578e Auto-commit: 2026-06-22 22:27:12
2026-06-23 01:30:04 - Actual: 4795a2cfe8 Auto-commit: 2026-06-22 22:27:07
2026-06-23 01:30:04 - Actual: 8dff4d2a6d Auto-commit: 2026-06-22 22:27:02
2026-06-23 01:30:04 - Actual: d982cf8ee1 Auto-commit: 2026-06-22 22:27:00
2026-06-23 01:30:04 - Actual: 6e11bd77ba Auto-commit: 2026-06-22 22:26:57
2026-06-23 01:30:04 - Actual: 76658b9bb2 Auto-commit: 2026-06-22 22:26:55
2026-06-23 01:30:04 - Actual: e61e4d496b Auto-commit: 2026-06-22 22:26:52
2026-06-23 01:30:04 - Actual: 9c6f53613e Auto-commit: 2026-06-22 22:26:44
2026-06-23 01:30:04 - Actual: dd11700031 Auto-commit: 2026-06-22 22:26:41
2026-06-23 01:30:04 - Actual: 2ec24bccab Auto-commit: 2026-06-22 22:26:39
2026-06-23 01:30:04 - Actual: 6cdea5786c Auto-commit: 2026-06-22 22:23:19
2026-06-23 01:30:04 - Actual: 5263e7fa63 Auto-commit: 2026-06-22 22:23:16
2026-06-23 01:30:04 - Actual: d27d2fc4f1 Auto-commit: 2026-06-22 22:22:01
2026-06-23 01:30:04 - Actual: 7a97200260 Auto-commit: 2026-06-22 22:21:58
2026-06-23 01:30:04 - Actual: 44beee916d Auto-commit: 2026-06-22 22:21:24
2026-06-23 01:30:04 - Actual: 4cd7839912 Auto-commit: 2026-06-22 22:21:21
2026-06-23 01:30:04 - Actual: 896815a0a7 Auto-commit: 2026-06-22 22:21:19
2026-06-23 01:30:04 - Actual: 7184f324d7 Auto-commit: 2026-06-22 22:21:14
2026-06-23 01:30:04 - Actual: ea31ddded5 Auto-commit: 2026-06-22 22:21:12
2026-06-23 01:30:04 - Actual: a9df2d4476 Auto-commit: 2026-06-22 22:20:52
2026-06-23 01:30:04 - Actual: cf1e0916f4 Auto-commit: 2026-06-22 22:20:50
2026-06-23 01:30:04 - Actual: 0b088dff2a Auto-commit: 2026-06-22 22:20:47
2026-06-23 01:30:04 - Actual: c8a9c285dc Auto-commit: 2026-06-22 22:20:45
2026-06-23 01:30:04 - Actual: 05dfff00b7 Auto-commit: 2026-06-22 22:20:06
2026-06-23 01:30:04 - Actual: 08e36749b5 Auto-commit: 2026-06-22 22:20:04
2026-06-23 01:30:04 - Actual: dd5dd596d3 Auto-commit: 2026-06-22 22:19:30
2026-06-23 01:30:04 - Actual: 344344d1d6 Auto-commit: 2026-06-22 22:19:18
2026-06-23 01:30:04 - Actual: 846e50f99c Auto-commit: 2026-06-22 22:19:13
2026-06-23 01:30:04 - Actual: fb7682a514 Auto-commit: 2026-06-22 22:19:09
2026-06-23 01:30:04 - Actual: 204988dd85 Auto-commit: 2026-06-22 22:18:55
2026-06-23 01:30:04 - Actual: 2fb89b3b10 Auto-commit: 2026-06-22 22:18:53
2026-06-23 01:30:04 - Actual: 54db1e9d00 Auto-commit: 2026-06-22 22:18:50
2026-06-23 01:30:04 - Actual: 066aac2fa2 Auto-commit: 2026-06-22 22:18:47
2026-06-23 01:30:04 - Actual: b5238f7460 Auto-commit: 2026-06-22 22:18:45
2026-06-23 01:30:04 - Actual: 63835458b4 Auto-commit: 2026-06-22 22:18:42
2026-06-23 01:30:04 - Actual: 1ef90eb1a9 Auto-commit: 2026-06-22 22:18:38
2026-06-23 01:30:04 - Actual: 972992a48e Auto-commit: 2026-06-22 22:18:27
2026-06-23 01:30:04 - Actual: 4939a4043e Auto-commit: 2026-06-22 22:18:17
2026-06-23 01:30:04 - Actual: 5328b6a56a Auto-commit: 2026-06-22 22:18:06
2026-06-23 01:30:04 - Actual: 9cfcad15db Auto-commit: 2026-06-22 22:18:04
2026-06-23 01:30:04 - Actual: 73a688cf4f Auto-commit: 2026-06-22 22:17:59
2026-06-23 01:30:04 - Actual: 226ac39c1c Auto-commit: 2026-06-22 22:16:08
2026-06-23 01:30:04 - Actual: dad184a585 Auto-commit: 2026-06-22 22:15:54
2026-06-23 01:30:04 - Actual: 2ff3a76240 Auto-commit: 2026-06-22 22:15:46
2026-06-23 01:30:04 - Actual: 0a28125b5a Auto-commit: 2026-06-22 22:15:42
2026-06-23 01:30:04 - Actual: 9f10e3c172 Auto-commit: 2026-06-22 22:15:37
2026-06-23 01:30:04 - Actual: 75f61ee381 Auto-commit: 2026-06-22 22:15:33
2026-06-23 01:30:04 - Actual: 823be47cb9 Auto-commit: 2026-06-22 22:15:12
2026-06-23 01:30:04 - Actual: 560d976a68 Auto-commit: 2026-06-22 22:15:10
2026-06-23 01:30:04 - Actual: e7584884a2 Auto-commit: 2026-06-22 22:14:24
2026-06-23 01:30:04 - Actual: 399d99076c Auto-commit: 2026-06-22 22:14:21
2026-06-23 01:30:04 - Actual: aecf76185c Auto-commit: 2026-06-22 22:13:57
2026-06-23 01:30:04 - Actual: e93f35d151 Auto-commit: 2026-06-22 22:13:55
2026-06-23 01:30:04 - Actual: 08f80b1aac Auto-commit: 2026-06-22 22:13:23
2026-06-23 01:30:04 - Actual: b853b96898 Auto-commit: 2026-06-22 22:13:20
2026-06-23 01:30:04 - Actual: 66d3cb1aaa Auto-commit: 2026-06-22 22:08:46
2026-06-23 01:30:04 - Actual: 9f8c692b64 Auto-commit: 2026-06-22 22:08:43
2026-06-23 01:30:04 - Actual: 6bf06d73a4 Auto-commit: 2026-06-22 22:08:41
2026-06-23 01:30:04 - Actual: ecc837c2a8 Auto-commit: 2026-06-22 22:08:38
2026-06-23 01:30:04 - Actual: d9d6d8b6cd Auto-commit: 2026-06-22 22:08:34
2026-06-23 01:30:04 - Actual: b346c3c043 Auto-commit: 2026-06-22 22:08:31
2026-06-23 01:30:04 - Actual: e413f88992 Auto-commit: 2026-06-22 22:08:25
2026-06-23 01:30:04 - Actual: 971d227a81 Auto-commit: 2026-06-22 22:08:18
2026-06-23 01:30:04 - Actual: 3008191e47 Auto-commit: 2026-06-22 22:08:16
2026-06-23 01:30:04 - Actual: 00f4e12543 Auto-commit: 2026-06-22 22:08:13
2026-06-23 01:30:04 - Actual: 448be38489 Auto-commit: 2026-06-22 22:08:11
2026-06-23 01:30:04 - Actual: 3f41b08569 Auto-commit: 2026-06-22 22:08:08
2026-06-23 01:30:04 - Actual: e5f47c736f Auto-commit: 2026-06-22 22:08:06
2026-06-23 01:30:04 - Actual: dd2a0e6581 Auto-commit: 2026-06-22 22:07:29
2026-06-23 01:30:04 - Actual: 629f450781 Auto-commit: 2026-06-22 22:07:27
2026-06-23 01:30:04 - Actual: a497a2f969 Auto-commit: 2026-06-22 22:07:24
2026-06-23 01:30:04 - Actual: 035a46c5a7 Auto-commit: 2026-06-22 22:07:22
2026-06-23 01:30:04 - Actual: c2b9f2855f Auto-commit: 2026-06-22 22:07:07
2026-06-23 01:30:04 - Actual: 457ba9b608 Auto-commit: 2026-06-22 22:06:57
2026-06-23 01:30:04 - Actual: fe63a77a77 Auto-commit: 2026-06-22 22:06:54
2026-06-23 01:30:04 - Actual: 6fda976961 Auto-commit: 2026-06-22 22:06:52
2026-06-23 01:30:04 - Actual: 06a2cc4ea0 Auto-commit: 2026-06-22 22:06:39
2026-06-23 01:30:04 - Actual: a40f64b02e Auto-commit: 2026-06-22 22:06:34
2026-06-23 01:30:04 - Actual: 46fa47d4ed Auto-commit: 2026-06-22 22:06:32
2026-06-23 01:30:04 - Actual: 3ed780a222 Auto-commit: 2026-06-22 22:06:29
2026-06-23 01:30:04 - Actual: 1643fe4ce9 Auto-commit: 2026-06-22 22:06:27
2026-06-23 01:30:04 - Actual: b79ca28dbe Auto-commit: 2026-06-22 22:05:45
2026-06-23 01:30:04 - Actual: cefdccd959 Auto-commit: 2026-06-22 22:05:42
2026-06-23 01:30:04 - Actual: 33e8595a98 Auto-commit: 2026-06-22 22:05:40
2026-06-23 01:30:04 - Actual: d75ded6fb7 Auto-commit: 2026-06-22 22:05:37
2026-06-23 01:30:04 - Actual: dc4f2df68f Auto-commit: 2026-06-22 22:05:35
2026-06-23 01:30:04 - Actual: 259e0f5c7e Auto-commit: 2026-06-22 22:02:11
2026-06-23 01:30:04 - Actual: e036789e2e Auto-commit: 2026-06-22 22:02:07
2026-06-23 01:30:04 - Actual: 386caa842c Auto-commit: 2026-06-22 22:02:04
2026-06-23 01:30:04 - Actual: 2c4c898282 Auto-commit: 2026-06-22 22:02:02
2026-06-23 01:30:04 - Actual: 4450172bdb Auto-commit: 2026-06-22 22:01:53
2026-06-23 01:30:04 - Actual: eeaadb8c42 Auto-commit: 2026-06-22 22:01:51
2026-06-23 01:30:04 - Actual: e54b10efd8 Auto-commit: 2026-06-22 22:01:48
2026-06-23 01:30:04 - Actual: 59d20c6b8a Auto-commit: 2026-06-22 22:01:46
2026-06-23 01:30:04 - Actual: 8c91e893a5 Auto-commit: 2026-06-22 22:01:37
2026-06-23 01:30:04 - Actual: a95bb8c582 Auto-commit: 2026-06-22 22:01:21
2026-06-23 01:30:04 - Actual: 139d2050d2 Auto-commit: 2026-06-22 22:01:18
2026-06-23 01:30:04 - Actual: 364b9b451a Auto-commit: 2026-06-22 22:01:16
2026-06-23 01:30:04 - Actual: a676b1f884 Auto-commit: 2026-06-22 22:01:09
2026-06-23 01:30:04 - Actual: 640ee81de2 Auto-commit: 2026-06-22 22:01:07
2026-06-23 01:30:04 - Actual: 3f330a6213 Auto-commit: 2026-06-22 22:01:04
2026-06-23 01:30:04 - Actual: 2751f66d7e Auto-commit: 2026-06-22 22:00:37
2026-06-23 01:30:04 - Actual: c2b572ad5b Auto-commit: 2026-06-22 22:00:35
2026-06-23 01:30:04 - Actual: 905c306946 Auto-commit: 2026-06-22 22:00:32
2026-06-23 01:30:04 - Actual: e148926567 Auto-commit: 2026-06-22 22:00:28
2026-06-23 01:30:04 - Actual: 2c0fc7813b Auto-commit: 2026-06-22 22:00:17
2026-06-23 01:30:04 - Actual: 559949e3c0 Auto-commit: 2026-06-22 22:00:15
2026-06-23 01:30:04 - Actual: 1347253b78 Auto-commit: 2026-06-22 22:00:10
2026-06-23 01:30:04 - Actual: 96989a6bfd Auto-commit: 2026-06-22 22:00:08
2026-06-23 01:30:04 - Actual: 912cdd4410 Auto-commit: 2026-06-22 22:00:05
2026-06-23 01:30:04 - Actual: 04203d8584 Auto-commit: 2026-06-22 21:59:55
2026-06-23 01:30:04 - Actual: 56a280c273 Auto-commit: 2026-06-22 21:59:50
2026-06-23 01:30:04 - Actual: 09c0ccc8e9 Auto-commit: 2026-06-22 21:59:42
2026-06-23 01:30:04 - Actual: 477dd390cb Auto-commit: 2026-06-22 21:59:27
2026-06-23 01:30:04 - Actual: fbece1a9d6 Auto-commit: 2026-06-22 21:59:24
2026-06-23 01:30:04 - Actual: d819360f3b Auto-commit: 2026-06-22 21:59:22
2026-06-23 01:30:04 - Actual: c08b0ce10a Auto-commit: 2026-06-22 21:58:46
2026-06-23 01:30:04 - Actual: 61f6304edb Auto-commit: 2026-06-22 21:58:43
2026-06-23 01:30:04 - Actual: e4147d96e5 Auto-commit: 2026-06-22 21:58:18
2026-06-23 01:30:04 - Actual: 9f6e286c6c Auto-commit: 2026-06-22 21:58:16
2026-06-23 01:30:04 - Actual: 06b96f4c19 Auto-commit: 2026-06-22 21:58:13
2026-06-23 01:30:04 - Actual: 68946a99f7 Auto-commit: 2026-06-22 21:58:09
2026-06-23 01:30:04 - Actual: ff7e545690 Auto-commit: 2026-06-22 21:58:02
2026-06-23 01:30:04 - Actual: 0726019af2 Auto-commit: 2026-06-22 21:58:00
2026-06-23 01:30:04 - Actual: 520fc995b9 Auto-commit: 2026-06-22 21:57:57
2026-06-23 01:30:04 - Actual: 21e0807138 Auto-commit: 2026-06-22 21:57:49
2026-06-23 01:30:04 - Actual: f8387ad36e Auto-commit: 2026-06-22 21:57:46
2026-06-23 01:30:04 - Actual: 32881a5caf Auto-commit: 2026-06-22 21:57:44
2026-06-23 01:30:04 - Actual: e6eca4431f Auto-commit: 2026-06-22 21:57:41
2026-06-23 01:30:04 - Actual: 274e31ec24 Auto-commit: 2026-06-22 21:57:39
2026-06-23 01:30:04 - Actual: 03287a44dc Auto-commit: 2026-06-22 21:57:34
2026-06-23 01:30:04 - Actual: 849ecd8e7b Auto-commit: 2026-06-22 21:57:32
2026-06-23 01:30:04 - Actual: a5e4bcf15a Auto-commit: 2026-06-22 21:57:30
2026-06-23 01:30:04 - Actual: 941f6d617e Auto-commit: 2026-06-22 21:57:25
2026-06-23 01:30:04 - Actual: 780d76a152 Auto-commit: 2026-06-22 21:57:23
2026-06-23 01:30:04 - Actual: babba1d391 Auto-commit: 2026-06-22 21:57:14
2026-06-23 01:30:04 - Actual: 7c1c80904f Auto-commit: 2026-06-22 21:57:12
2026-06-23 01:30:04 - Actual: 66501b7cd8 Auto-commit: 2026-06-22 21:57:09
2026-06-23 01:30:04 - Actual: a2654e8e09 Auto-commit: 2026-06-22 21:57:07
2026-06-23 01:30:04 - Actual: fc79b9309e Auto-commit: 2026-06-22 21:57:04
2026-06-23 01:30:04 - Actual: f3fcc03126 Auto-commit: 2026-06-22 21:56:56
2026-06-23 01:30:04 - Actual: 6a9e431dce Auto-commit: 2026-06-22 21:56:51
2026-06-23 01:30:04 - Actual: 0c3b3e2750 Auto-commit: 2026-06-22 21:56:45
2026-06-23 01:30:04 - Actual: 3adf641618 Auto-commit: 2026-06-22 21:56:42
2026-06-23 01:30:04 - Actual: 2e22723502 Auto-commit: 2026-06-22 21:56:40
2026-06-23 01:30:04 - Actual: 7f5f3e7405 Auto-commit: 2026-06-22 21:56:13
2026-06-23 01:30:04 - Actual: 38e888ce09 Auto-commit: 2026-06-22 21:56:11
2026-06-23 01:30:04 - Actual: 6870cf93a3 Auto-commit: 2026-06-22 21:56:00
2026-06-23 01:30:04 - Actual: 7783f2f945 Auto-commit: 2026-06-22 21:55:43
2026-06-23 01:30:04 - Actual: bce92a9bf3 Auto-commit: 2026-06-22 21:55:31
2026-06-23 01:30:04 - Actual: bd13e65adb Auto-commit: 2026-06-22 21:55:29
2026-06-23 01:30:04 - Actual: 754acc1161 Auto-commit: 2026-06-22 21:55:25
2026-06-23 01:30:04 - Actual: 871e8af949 Auto-commit: 2026-06-22 21:55:12
2026-06-23 01:30:04 - Actual: 938e478618 Auto-commit: 2026-06-22 21:54:54
2026-06-23 01:30:04 - Actual: d63ef84c50 Auto-commit: 2026-06-22 21:54:45
2026-06-23 01:30:04 - Actual: 9901ae074a Auto-commit: 2026-06-22 21:54:34
2026-06-23 01:30:04 - Actual: 8ac49b91fe Auto-commit: 2026-06-22 21:54:32
2026-06-23 01:30:04 - Actual: 8965b8fbe6 Auto-commit: 2026-06-22 21:54:25
2026-06-23 01:30:04 - Actual: 30c4685095 Auto-commit: 2026-06-22 21:54:12
2026-06-23 01:30:04 - Actual: c76c5c758a Auto-commit: 2026-06-22 21:53:22
2026-06-23 01:30:04 - Actual: 09cd7be80c Auto-commit: 2026-06-22 21:53:13
2026-06-23 01:30:04 - Actual: a3a5b238f6 Auto-commit: 2026-06-22 21:53:11
2026-06-23 01:30:04 - Actual: 7359c4d436 Auto-commit: 2026-06-22 21:53:00
2026-06-23 01:30:04 - Actual: b5bc8ff80c Auto-commit: 2026-06-22 21:52:58
2026-06-23 01:30:04 - Actual: e609c736cb Auto-commit: 2026-06-22 21:52:33
2026-06-23 01:30:04 - Actual: fd51d81234 Auto-commit: 2026-06-22 21:52:31
2026-06-23 01:30:04 - Actual: e6f0c45923 Auto-commit: 2026-06-22 21:52:28
2026-06-23 01:30:04 - Actual: 2fcfb65694 Auto-commit: 2026-06-22 21:52:14
2026-06-23 01:30:04 - Actual: b5e8e1b486 Auto-commit: 2026-06-22 21:51:51
2026-06-23 01:30:04 - Actual: a494f12b26 Auto-commit: 2026-06-22 21:51:48
2026-06-23 01:30:04 - Actual: efb45ed11e Auto-commit: 2026-06-22 21:51:46
2026-06-23 01:30:04 - Actual: 3da5a09e55 Auto-commit: 2026-06-22 21:51:43
2026-06-23 01:30:04 - Actual: fa8da63ff6 Auto-commit: 2026-06-22 21:51:41
2026-06-23 01:30:04 - Actual: ffde556bda Auto-commit: 2026-06-22 21:51:16
2026-06-23 01:30:04 - Actual: 65cfd12595 Auto-commit: 2026-06-22 21:51:12
2026-06-23 01:30:04 - Actual: b2fb88bb7b Auto-commit: 2026-06-22 21:51:08
2026-06-23 01:30:04 - Actual: 71ffbb3111 Auto-commit: 2026-06-22 21:51:05
2026-06-23 01:30:04 - Actual: f4dd99a293 Auto-commit: 2026-06-22 21:51:01
2026-06-23 01:30:04 - Actual: cdfb95a551 Auto-commit: 2026-06-22 21:50:50
2026-06-23 01:30:04 - Actual: a42024aa54 Auto-commit: 2026-06-22 21:50:15
2026-06-23 01:30:04 - Actual: 2718f8bd28 Auto-commit: 2026-06-22 21:49:33
2026-06-23 01:30:04 - Actual: 5eea4f449f Auto-commit: 2026-06-22 21:49:30
2026-06-23 01:30:04 - Actual: 9d752cc6f5 Auto-commit: 2026-06-22 21:49:28
2026-06-23 01:30:04 - Actual: c10a701ddd Auto-commit: 2026-06-22 21:48:59
2026-06-23 01:30:04 - Actual: 71aebc1283 Auto-commit: 2026-06-22 21:48:56
2026-06-23 01:30:04 - Actual: 11e4955d89 Auto-commit: 2026-06-22 21:48:54
2026-06-23 01:30:04 - Actual: 605708a9b3 Auto-commit: 2026-06-22 21:48:27
2026-06-23 01:30:04 - Actual: c20639210a Auto-commit: 2026-06-22 21:48:14
2026-06-23 01:30:04 - Actual: 0755f303c0 Auto-commit: 2026-06-22 21:48:12
2026-06-23 01:30:04 - Actual: a8f7cf5fe9 Auto-commit: 2026-06-22 21:48:09
2026-06-23 01:30:04 - Actual: 98d057e1c4 Auto-commit: 2026-06-22 21:48:07
2026-06-23 01:30:04 - Actual: ae4e1b4282 Auto-commit: 2026-06-22 21:48:04
2026-06-23 01:30:04 - Actual: 6ee594d442 Auto-commit: 2026-06-22 21:47:01
2026-06-23 01:30:04 - Actual: ae9065556b Auto-commit: 2026-06-22 21:46:59
2026-06-23 01:30:04 - Actual: 5dc8ed2859 Auto-commit: 2026-06-22 21:46:56
2026-06-23 01:30:04 - Actual: 9701034041 Auto-commit: 2026-06-22 21:46:38
2026-06-23 01:30:04 - Actual: 645998ef6a Auto-commit: 2026-06-22 21:46:23
2026-06-23 01:30:04 - Actual: 6cf0f09369 Auto-commit: 2026-06-22 21:46:14
2026-06-23 01:30:04 - Actual: 2354d126c6 Auto-commit: 2026-06-22 21:46:09
2026-06-23 01:30:04 - Actual: 54e3e1f35f Auto-commit: 2026-06-22 21:45:55
2026-06-23 01:30:04 - Actual: b2bc560b64 Auto-commit: 2026-06-22 21:45:52
2026-06-23 01:30:04 - Actual: 6f04844bbd Auto-commit: 2026-06-22 21:45:08
2026-06-23 01:30:04 - Actual: 948317089a Auto-commit: 2026-06-22 21:44:10
2026-06-23 01:30:04 - Actual: ba46f1a322 Auto-commit: 2026-06-22 21:44:07
2026-06-23 01:30:04 - Actual: 813f78fbf0 Auto-commit: 2026-06-22 21:43:46
2026-06-23 01:30:04 - Actual: 1ca999f5c7 Auto-commit: 2026-06-22 21:43:32
2026-06-23 01:30:04 - Actual: a2c12b7d6f Auto-commit: 2026-06-22 21:42:47
2026-06-23 01:30:04 - Actual: 2cc0048647 Auto-commit: 2026-06-22 21:42:44
2026-06-23 01:30:04 - Actual: 02c0eed687 Auto-commit: 2026-06-22 21:42:42
2026-06-23 01:30:04 - Actual: 466a3e0f00 Auto-commit: 2026-06-22 21:42:39
2026-06-23 01:30:04 - Actual: 5ea316f3de Auto-commit: 2026-06-22 21:42:36
2026-06-23 01:30:04 - Actual: c4f95d2993 Auto-commit: 2026-06-22 21:42:34
2026-06-23 01:30:04 - Actual: 59f594d520 Auto-commit: 2026-06-22 21:42:31
2026-06-23 01:30:04 - Actual: 65cf68ad76 Auto-commit: 2026-06-22 21:42:29
2026-06-23 01:30:04 - Actual: dce08cc46d Auto-commit: 2026-06-22 21:42:26
2026-06-23 01:30:04 - Actual: 461750d824 Auto-commit: 2026-06-22 21:42:17
2026-06-23 01:30:04 - Actual: 7bb90e6a7d Auto-commit: 2026-06-22 21:42:14
2026-06-23 01:30:04 - Actual: fc1e7589b8 Auto-commit: 2026-06-22 21:42:02
2026-06-23 01:30:04 - Actual: 823bb25bb5 Auto-commit: 2026-06-22 21:41:59
2026-06-23 01:30:04 - Actual: 01235fb5b5 Auto-commit: 2026-06-22 21:41:56
2026-06-23 01:30:04 - Actual: d94f58f06a Auto-commit: 2026-06-22 21:41:54
2026-06-23 01:30:04 - Actual: dd6062e001 Auto-commit: 2026-06-22 21:41:51
2026-06-23 01:30:04 - Actual: 8171cddd2b Auto-commit: 2026-06-22 21:41:30
2026-06-23 01:30:04 - Actual: cea34f73b7 Auto-commit: 2026-06-22 21:41:28
2026-06-23 01:30:04 - Actual: 90f8062f67 Auto-commit: 2026-06-22 21:41:23
2026-06-23 01:30:04 - Actual: addcfc332d Auto-commit: 2026-06-22 21:41:21
2026-06-23 01:30:04 - Actual: 133ad4f80e Auto-commit: 2026-06-22 21:41:18
2026-06-23 01:30:04 - Actual: 7ca9f061a3 Auto-commit: 2026-06-22 21:41:16
2026-06-23 01:30:04 - Actual: 62c9ca8b8b Auto-commit: 2026-06-22 21:38:13
2026-06-23 01:30:04 - Actual: b96e89629a Auto-commit: 2026-06-22 21:38:11
2026-06-23 01:30:04 - Actual: a0b6464aff Auto-commit: 2026-06-22 21:36:15
2026-06-23 01:30:04 - Actual: 83cd438b2a Auto-commit: 2026-06-22 21:36:13
2026-06-23 01:30:04 - Actual: 7b8576b50a Auto-commit: 2026-06-22 21:36:10
2026-06-23 01:30:04 - Actual: f4aed607bd Auto-commit: 2026-06-22 21:36:08
2026-06-23 01:30:04 - Actual: 4d1d133a3c Auto-commit: 2026-06-22 21:36:01
2026-06-23 01:30:04 - Actual: 6051f99380 Auto-commit: 2026-06-22 21:35:56
2026-06-23 01:30:04 - Actual: f8a10c3d38 Auto-commit: 2026-06-22 21:35:54
2026-06-23 01:30:04 - Actual: d4e0be9ee6 Auto-commit: 2026-06-22 21:35:50
2026-06-23 01:30:04 - Actual: e6bf8cdd36 Auto-commit: 2026-06-22 21:35:45
2026-06-23 01:30:04 - Actual: 80f70f2df9 Auto-commit: 2026-06-22 21:35:25
2026-06-23 01:30:04 - Actual: 3c8915400f Auto-commit: 2026-06-22 21:35:23
2026-06-23 01:30:04 - Actual: 90b4399087 Auto-commit: 2026-06-22 21:34:26
2026-06-23 01:30:04 - Actual: 256e355985 Auto-commit: 2026-06-22 21:34:24
2026-06-23 01:30:04 - Actual: 8d11138818 Auto-commit: 2026-06-22 21:34:21
2026-06-23 01:30:04 - Actual: d6e390507b Auto-commit: 2026-06-22 21:34:19
2026-06-23 01:30:04 - Actual: 762c583916 Auto-commit: 2026-06-22 21:34:16
2026-06-23 01:30:04 - Actual: 8b290c43b7 Auto-commit: 2026-06-22 21:34:12
2026-06-23 01:30:04 - Actual: 6cd479219b Auto-commit: 2026-06-22 21:34:09
2026-06-23 01:30:04 - Actual: 028d579639 Auto-commit: 2026-06-22 21:34:05
2026-06-23 01:30:04 - Actual: 23a6b45026 Auto-commit: 2026-06-22 21:34:02
2026-06-23 01:30:04 - Actual: 68e7489c4b Auto-commit: 2026-06-22 21:33:59
2026-06-23 01:30:04 - Actual: ff98372eea Auto-commit: 2026-06-22 21:33:37
2026-06-23 01:30:04 - Actual: 6c43245b6b Auto-commit: 2026-06-22 21:33:33
2026-06-23 01:30:04 - Actual: b354b43838 Auto-commit: 2026-06-22 21:33:16
2026-06-23 01:30:04 - Actual: 687c0eca0e Auto-commit: 2026-06-22 21:31:31
2026-06-23 01:30:04 - Actual: 62dc0988c7 Auto-commit: 2026-06-22 21:31:00
2026-06-23 01:30:05 - Actual: 66cacaed41 Auto-commit: 2026-06-22 21:30:56
2026-06-23 01:30:05 - Actual: 98e1954fcc Auto-commit: 2026-06-22 21:30:53
2026-06-23 01:30:05 - Actual: 80e2fcee99 Auto-commit: 2026-06-22 21:29:48
2026-06-23 01:30:05 - Actual: 0caa6f2fba Auto-commit: 2026-06-22 21:29:41
2026-06-23 01:30:05 - Actual: 48510434dd Auto-commit: 2026-06-22 21:29:17
2026-06-23 01:30:05 - Actual: 5d0d0726ac Auto-commit: 2026-06-22 21:29:14
2026-06-23 01:30:05 - Actual: 1330d5d5a3 Auto-commit: 2026-06-22 21:29:12
2026-06-23 01:30:05 - Actual: 51a798d276 Auto-commit: 2026-06-22 21:28:29
2026-06-23 01:30:05 - Actual: c61512ef39 Auto-commit: 2026-06-22 21:28:27
2026-06-23 01:30:05 - Actual: b44a38a32d Auto-commit: 2026-06-22 21:25:40
2026-06-23 01:30:05 - Actual: 4faa610d2e Auto-commit: 2026-06-22 21:25:26
2026-06-23 01:30:05 - Actual: 0841cac813 Auto-commit: 2026-06-22 21:25:24
2026-06-23 01:30:05 - Actual: 823263f7b5 Auto-commit: 2026-06-22 21:25:01
2026-06-23 01:30:05 - Actual: 1522ac8182 Auto-commit: 2026-06-22 21:13:27
2026-06-23 01:30:05 - Actual: 7e28fe651b Auto-commit: 2026-06-22 21:13:24
2026-06-23 01:30:05 - Actual: 668eb50d1e Auto-commit: 2026-06-22 19:28:34
2026-06-23 01:30:05 - Actual: cea5d85eaf Auto-commit: 2026-06-22 19:28:26
2026-06-23 01:30:05 - Actual: 3fcbe4679c Auto-commit: 2026-06-22 19:28:23
2026-06-23 01:30:05 - Actual: 8a439ef7fb Auto-commit: 2026-06-22 19:28:18
2026-06-23 01:30:05 - Actual: f6ac07a852 Auto-commit: 2026-06-22 19:28:14
2026-06-23 01:30:05 - Actual: 4a7c72fbde Auto-commit: 2026-06-22 19:28:11
2026-06-23 01:30:05 - Actual: 6970b99a24 Auto-commit: 2026-06-22 19:28:05
2026-06-23 01:30:05 - Actual: 382f20668d Auto-commit: 2026-06-22 19:27:58
2026-06-23 01:30:05 - Actual: 1cae85c9f9 Auto-commit: 2026-06-22 19:27:34
2026-06-23 01:30:05 - Actual: 3c5aa3ad32 Auto-commit: 2026-06-22 19:27:25
2026-06-23 01:30:05 - Actual: 9369e159a0 Auto-commit: 2026-06-22 19:27:23
2026-06-23 01:30:05 - Actual: 0a0a2c7006 Auto-commit: 2026-06-22 19:27:20
2026-06-23 01:30:05 - Actual: 9390309f75 Auto-commit: 2026-06-22 19:26:57
2026-06-23 01:30:05 - Actual: 9abbb58c8d Auto-commit: 2026-06-22 19:26:52
2026-06-23 01:30:05 - Actual: ced375fe8b Auto-commit: 2026-06-22 19:26:50
2026-06-23 01:30:05 - Actual: 34ebbf8218 Auto-commit: 2026-06-22 19:26:47
2026-06-23 01:30:05 - Actual: 8dcf18fd90 Auto-commit: 2026-06-22 19:26:44
2026-06-23 01:30:05 - Actual: f5f75eb2d2 Auto-commit: 2026-06-22 19:26:42
2026-06-23 01:30:05 - Actual: 8414e90517 Auto-commit: 2026-06-22 19:26:39
2026-06-23 01:30:05 - Actual: 1e639b6682 Auto-commit: 2026-06-22 19:26:37
2026-06-23 01:30:05 - Actual: 11666d3a05 Auto-commit: 2026-06-22 19:26:28
2026-06-23 01:30:05 - Actual: 6d3d8b01ab Auto-commit: 2026-06-22 19:26:21
2026-06-23 01:30:05 - Actual: c1b09242ca Auto-commit: 2026-06-22 19:26:02
2026-06-23 01:30:05 - Actual: 506803dc4f Auto-commit: 2026-06-22 19:25:57
2026-06-23 01:30:05 - Actual: 1ceab35251 Auto-commit: 2026-06-22 19:25:52
2026-06-23 01:30:05 - Actual: f4347516ac Auto-commit: 2026-06-22 19:25:50
2026-06-23 01:30:05 - Actual: a4888bc80a Auto-commit: 2026-06-22 19:25:47
2026-06-23 01:30:05 - Actual: f7dbb7532b Auto-commit: 2026-06-22 19:25:38
2026-06-23 01:30:05 - Actual: 0a41067197 Auto-commit: 2026-06-22 19:25:36
2026-06-23 01:30:05 - Actual: 61e63debdd Auto-commit: 2026-06-22 19:25:33
2026-06-23 01:30:05 - Actual: c18f8c4e2c Auto-commit: 2026-06-22 19:25:24
2026-06-23 01:30:05 - Actual: c594fb81e6 Auto-commit: 2026-06-22 19:25:21
2026-06-23 01:30:05 - Actual: 09cdeca69c Auto-commit: 2026-06-22 19:25:19
2026-06-23 01:30:05 - Actual: 47ff0bbc7b Auto-commit: 2026-06-22 19:25:16
2026-06-23 01:30:05 - Actual: e0ac5d0649 Auto-commit: 2026-06-22 19:24:57
2026-06-23 01:30:05 - Actual: 9ae7c2a003 Auto-commit: 2026-06-22 19:24:54
2026-06-23 01:30:05 - Actual: 94e660e24a Auto-commit: 2026-06-22 19:24:52
2026-06-23 01:30:05 - Actual: ab89f320fc Auto-commit: 2026-06-22 19:24:49
2026-06-23 01:30:05 - Actual: 4b1c625e35 Auto-commit: 2026-06-22 19:24:46
2026-06-23 01:30:05 - Actual: aa0f9e51f1 Auto-commit: 2026-06-22 19:24:33
2026-06-23 01:30:05 - Actual: 922330f9c1 Auto-commit: 2026-06-22 19:24:31
2026-06-23 01:30:05 - Actual: 2a88220f8d Auto-commit: 2026-06-22 19:24:22
2026-06-23 01:30:05 - Actual: 4a58f8cefb Auto-commit: 2026-06-22 19:24:19
2026-06-23 01:30:05 - Actual: bbb2ca799d Auto-commit: 2026-06-22 19:24:16
2026-06-23 01:30:05 - Actual: 062f249876 Auto-commit: 2026-06-22 19:24:14
2026-06-23 01:30:05 - Actual: 6d6025e42d Auto-commit: 2026-06-22 19:23:56
2026-06-23 01:30:05 - Actual: 8c6b7476d5 Auto-commit: 2026-06-22 19:23:54
2026-06-23 01:30:05 - Actual: 48656fa97b Auto-commit: 2026-06-22 19:23:51
2026-06-23 01:30:05 - Actual: 5a65109467 Auto-commit: 2026-06-22 19:23:42
2026-06-23 01:30:05 - Actual: c7b816a14c Auto-commit: 2026-06-22 19:23:39
2026-06-23 01:30:05 - Actual: 6036c93662 Auto-commit: 2026-06-22 19:23:37
2026-06-23 01:30:05 - Actual: 07af251c41 Auto-commit: 2026-06-22 19:23:16
2026-06-23 01:30:05 - Actual: 4699689abe Auto-commit: 2026-06-22 19:23:07
2026-06-23 01:30:05 - Actual: 5eed122f32 Auto-commit: 2026-06-22 19:23:04
2026-06-23 01:30:05 - Actual: c8b1b56c9d Auto-commit: 2026-06-22 19:23:02
2026-06-23 01:30:05 - Actual: 2eafbbc50c Auto-commit: 2026-06-22 19:22:59
2026-06-23 01:30:05 - Actual: 784a99c502 Auto-commit: 2026-06-22 19:22:55
2026-06-23 01:30:05 - Actual: bec1ac4220 Auto-commit: 2026-06-22 19:22:52
2026-06-23 01:30:05 - Actual: 22fe621004 Auto-commit: 2026-06-22 19:22:41
2026-06-23 01:30:05 - Actual: a98a71846b Auto-commit: 2026-06-22 19:22:35
2026-06-23 01:30:05 - Actual: 5671160dfb Auto-commit: 2026-06-22 19:22:25
2026-06-23 01:30:05 - Actual: dca16fa5ec Auto-commit: 2026-06-22 19:22:23
2026-06-23 01:30:05 - Actual: 5fcb9110e8 Auto-commit: 2026-06-22 19:22:10
2026-06-23 01:30:05 - Actual: a137dfcb6d Auto-commit: 2026-06-22 19:22:08
2026-06-23 01:30:05 - Actual: 164cfb6259 Auto-commit: 2026-06-22 19:22:05
2026-06-23 01:30:05 - Actual: c0631b1d30 Auto-commit: 2026-06-22 19:21:56
2026-06-23 01:30:05 - Actual: ac0d40a8e2 Auto-commit: 2026-06-22 19:21:50
2026-06-23 01:30:05 - Actual: 4cb93be2c9 Auto-commit: 2026-06-22 19:21:47
2026-06-23 01:30:05 - Actual: 730dfb8d44 Auto-commit: 2026-06-22 19:21:45
2026-06-23 01:30:05 - Actual: add97fb4b6 Auto-commit: 2026-06-22 19:21:38
2026-06-23 01:30:05 - Actual: a77540bde0 Auto-commit: 2026-06-22 19:21:21
2026-06-23 01:30:05 - Actual: 82148acda8 Auto-commit: 2026-06-22 19:21:09
2026-06-23 01:30:05 - Actual: 6e7e3bf5f3 Auto-commit: 2026-06-22 19:20:50
2026-06-23 01:30:05 - Actual: 0d489cf26d Auto-commit: 2026-06-22 19:20:47
2026-06-23 01:30:05 - Actual: e3e56a1f41 Auto-commit: 2026-06-22 19:20:44
2026-06-23 01:30:05 - Actual: adc3e49225 Auto-commit: 2026-06-22 19:20:38
2026-06-23 01:30:05 - Actual: d5b33a6f28 Auto-commit: 2026-06-22 19:20:33
2026-06-23 01:30:05 - Actual: 754313ce46 Auto-commit: 2026-06-22 19:20:30
2026-06-23 01:30:05 - Actual: 3add84dd5a Auto-commit: 2026-06-22 19:20:28
2026-06-23 01:30:05 - Actual: 43231efbde Auto-commit: 2026-06-22 19:20:23
2026-06-23 01:30:05 - Actual: aa428dac91 Auto-commit: 2026-06-22 19:20:20
2026-06-23 01:30:05 - Actual: be90868d3b Auto-commit: 2026-06-22 19:20:12
2026-06-23 01:30:05 - Actual: 72fcfefd45 Auto-commit: 2026-06-22 19:20:07
2026-06-23 01:30:05 - Actual: ee9cbd9eed Auto-commit: 2026-06-22 14:37:42
2026-06-23 01:30:05 - Actual: 3713b86fd1 Auto-commit: 2026-06-22 14:37:31
2026-06-23 01:30:05 - Actual: d6fd248e8f Auto-commit: 2026-06-22 14:37:28
2026-06-23 01:30:05 - Actual: 268888e93e Auto-commit: 2026-06-22 14:37:26
2026-06-23 01:30:05 - Actual: 70664e603a Auto-commit: 2026-06-22 14:37:19
2026-06-23 01:30:05 - Actual: b76f398a7b Auto-commit: 2026-06-22 14:37:10
2026-06-23 01:30:05 - Actual: ffab3c234c Auto-commit: 2026-06-22 14:32:54
2026-06-23 01:30:05 - Actual: 72483661cc Auto-commit: 2026-06-22 14:32:22
2026-06-23 01:30:05 - Actual: d3adfa0332 Auto-commit: 2026-06-22 14:32:11
2026-06-23 01:30:05 - Actual: 1e5f90a6f2 Auto-commit: 2026-06-22 14:32:03
2026-06-23 01:30:05 - Actual: 16c9415098 Auto-commit: 2026-06-22 14:29:28
2026-06-23 01:30:05 - Actual: 06ad5aadd4 Auto-commit: 2026-06-22 14:28:28
2026-06-23 01:30:05 - Actual: eb71c1645c Auto-commit: 2026-06-22 14:28:09
2026-06-23 01:30:05 - Actual: e9d3b675b0 Auto-commit: 2026-06-22 14:28:04
2026-06-23 01:30:05 - Actual: 119f174a20 Auto-commit: 2026-06-22 14:27:57
2026-06-23 01:30:05 - Actual: 8df5292aed Auto-commit: 2026-06-22 14:27:52
2026-06-23 01:30:05 - Actual: 82365f25d0 Auto-commit: 2026-06-22 14:27:50
2026-06-23 01:30:05 - Actual: 08ec3c030a Auto-commit: 2026-06-22 14:27:45
2026-06-23 01:30:05 - Actual: 5d6f7132e5 Auto-commit: 2026-06-22 14:27:42
2026-06-23 01:30:05 - Actual: f674320ffc Auto-commit: 2026-06-22 14:27:39
2026-06-23 01:30:05 - Actual: efe94040b7 Auto-commit: 2026-06-22 14:27:28
2026-06-23 01:30:05 - Actual: b2695b8618 Auto-commit: 2026-06-22 14:27:20
2026-06-23 01:30:05 - Actual: 76afb10e41 Auto-commit: 2026-06-22 14:27:10
2026-06-23 01:30:05 - Actual: 31e30251e4 Auto-commit: 2026-06-22 14:26:50
2026-06-23 01:30:05 - Actual: 615c4245b6 Auto-commit: 2026-06-22 14:26:38
2026-06-23 01:30:05 - Actual: e1f4c45f9a Auto-commit: 2026-06-22 14:26:31
2026-06-23 01:30:05 - Actual: 2b97326572 Auto-commit: 2026-06-22 14:26:26
2026-06-23 01:30:05 - Actual: 0f86e3c377 Auto-commit: 2026-06-22 14:26:19
2026-06-23 01:30:05 - Actual: 7b21e0931d Auto-commit: 2026-06-22 14:26:16
2026-06-23 01:30:05 - Actual: 9e7ab7f880 Auto-commit: 2026-06-22 14:23:37
2026-06-23 01:30:05 - Actual: a6256a2419 Auto-commit: 2026-06-22 14:23:18
2026-06-23 01:30:05 - Actual: 3171506f32 Auto-commit: 2026-06-22 14:23:11
2026-06-23 01:30:05 - Actual: 168aa0db31 Auto-commit: 2026-06-22 14:23:02
2026-06-23 01:30:05 - Actual: 6c9f21841e Auto-commit: 2026-06-22 14:22:54
2026-06-23 01:30:05 - Actual: 0c26eefb18 Auto-commit: 2026-06-22 14:22:45
2026-06-23 01:30:05 - Actual: 6baabaf6f8 Auto-commit: 2026-06-22 14:21:29
2026-06-23 01:30:05 - Actual: 37d46d512c Auto-commit: 2026-06-22 14:21:20
2026-06-23 01:30:05 - Actual: 030fc074e1 Auto-commit: 2026-06-22 14:19:23
2026-06-23 01:30:05 - Actual: 9a9c2cbfdf Auto-commit: 2026-06-22 14:18:54
2026-06-23 01:30:05 - Actual: 35a3a284b3 Auto-commit: 2026-06-22 14:17:03
2026-06-23 01:30:05 - Actual: e49f1e3418 Auto-commit: 2026-06-22 14:15:30
2026-06-23 01:30:05 - Actual: d0bb21940d Auto-commit: 2026-06-22 14:13:23
2026-06-23 01:30:05 - Actual: adb7fb982c Auto-commit: 2026-06-22 13:37:51
2026-06-23 01:30:05 - Actual: 9097304930 Auto-commit: 2026-06-22 13:37:24
2026-06-23 01:30:05 - Actual: 79edb905c7 Auto-commit: 2026-06-22 13:32:00
2026-06-23 01:30:05 - Actual: 07cf8ae427 Auto-commit: 2026-06-22 13:31:45
2026-06-23 01:30:05 - Actual: 7fa738389b Auto-commit: 2026-06-22 13:31:40
2026-06-23 01:30:05 - Actual: c3e705e349 Auto-commit: 2026-06-22 13:31:37
2026-06-23 01:30:05 - Actual: 27a37e6c9d Auto-commit: 2026-06-22 13:31:23
2026-06-23 01:30:05 - Actual: 8b8f4e8790 Auto-commit: 2026-06-22 13:31:06
2026-06-23 01:30:05 - Actual: 9ca76b31a4 Auto-commit: 2026-06-22 13:30:47
2026-06-23 01:30:05 - Actual: 4025950583 Auto-commit: 2026-06-22 13:30:35
2026-06-23 01:30:05 - Actual: 5e9d4be9fe Auto-commit: 2026-06-22 13:29:55
2026-06-23 01:30:05 - Actual: c2cd8912ed Auto-commit: 2026-06-22 13:25:38
2026-06-23 01:30:05 - Actual: 3600bff8d5 Auto-commit: 2026-06-22 13:25:32
2026-06-23 01:30:05 - Actual: 9c5965208f Auto-commit: 2026-06-22 13:24:57
2026-06-23 01:30:05 - Actual: ea5e4d0596 Auto-commit: 2026-06-22 13:24:50
2026-06-23 01:30:05 - Actual: f2cdf057f9 Auto-commit: 2026-06-22 13:24:44
2026-06-23 01:30:05 - Actual: b0bee06e3a Auto-commit: 2026-06-22 13:24:37
2026-06-23 01:30:05 - Actual: de1cfd312d Auto-commit: 2026-06-22 13:24:31
2026-06-23 01:30:05 - Actual: 11402cf025 Auto-commit: 2026-06-22 13:24:24
2026-06-23 01:30:05 - Actual: 09c4c3c077 Auto-commit: 2026-06-22 13:24:18
2026-06-23 01:30:05 - Actual: 81df8c8c62 Auto-commit: 2026-06-22 13:24:11
2026-06-23 01:30:05 - Actual: cdefef71e7 Auto-commit: 2026-06-22 13:24:04
2026-06-23 01:30:05 - Actual: a393fa7698 Auto-commit: 2026-06-22 13:23:58
2026-06-23 01:30:05 - Actual: d3e38da226 Auto-commit: 2026-06-22 13:23:51
2026-06-23 01:30:05 - Actual: 6b8300c3a3 Auto-commit: 2026-06-22 13:23:38
2026-06-23 01:30:05 - Actual: de1f71d99a Auto-commit: 2026-06-22 13:23:32
2026-06-23 01:30:05 - Actual: 3916d0d7c5 Auto-commit: 2026-06-22 13:23:25
2026-06-23 01:30:05 - Actual: dc5be65234 Auto-commit: 2026-06-22 13:23:06
2026-06-23 01:30:05 - Actual: f858da399e Auto-commit: 2026-06-22 13:22:58
2026-06-23 01:30:05 - Actual: f3e470af28 Auto-commit: 2026-06-22 13:22:52
2026-06-23 01:30:05 - Actual: 545363d990 Auto-commit: 2026-06-22 13:22:44
2026-06-23 01:30:05 - Actual: 1e5b5eaf76 Auto-commit: 2026-06-22 13:22:37
2026-06-23 01:30:05 - Actual: 79bfa29228 Auto-commit: 2026-06-22 13:22:30
2026-06-23 01:30:05 - Actual: 2290506b30 Auto-commit: 2026-06-22 13:22:23
2026-06-23 01:30:05 - Actual: c2bf523829 Auto-commit: 2026-06-22 13:22:15
2026-06-23 01:30:05 - Actual: 5adeb604d8 Auto-commit: 2026-06-22 13:22:08
2026-06-23 01:30:05 - Actual: d3d010e6b3 Auto-commit: 2026-06-22 13:21:59
2026-06-23 01:30:05 - Actual: a9f166bca8 Auto-commit: 2026-06-22 13:21:51
2026-06-23 01:30:05 - Actual: 42dc9e3a50 Auto-commit: 2026-06-22 13:21:45
2026-06-23 01:30:05 - Actual: b0909d5939 Auto-commit: 2026-06-22 13:21:32
2026-06-23 01:30:05 - Actual: ad025671ad Auto-commit: 2026-06-22 13:21:20
2026-06-23 01:30:05 - Actual: 1dc1edaa9d Auto-commit: 2026-06-22 13:21:13
2026-06-23 01:30:05 - Actual: bc7758c820 Auto-commit: 2026-06-22 13:20:49
2026-06-23 01:30:05 - Actual: ebb7d26c7d Auto-commit: 2026-06-22 13:20:42
2026-06-23 01:30:05 - Actual: 205ac18e67 Auto-commit: 2026-06-22 13:20:18
2026-06-23 01:30:05 - Actual: b0096f71f8 Auto-commit: 2026-06-22 13:14:51
2026-06-23 01:30:05 - Actual: fe0a3c354d Auto-commit: 2026-06-22 13:14:44
2026-06-23 01:30:05 - Actual: 875bdc900d Auto-commit: 2026-06-22 13:14:37
2026-06-23 01:30:05 - Actual: 99d3d0fcee Auto-commit: 2026-06-22 13:14:25
2026-06-23 01:30:05 - Actual: b9a0d75e61 Auto-commit: 2026-06-22 13:14:17
2026-06-23 01:30:05 - Actual: 88fecbdd76 Auto-commit: 2026-06-22 13:14:04
2026-06-23 01:30:05 - Actual: e24b1989f3 Auto-commit: 2026-06-22 13:13:58
2026-06-23 01:30:05 - Actual: 27d7eaf807 Auto-commit: 2026-06-22 13:13:39
2026-06-23 01:30:05 - Actual: db5d42af08 Auto-commit: 2026-06-22 13:12:57
2026-06-23 01:30:05 - Actual: 30886dde90 Auto-commit: 2026-06-22 13:12:44
2026-06-23 01:30:05 - Actual: 8882da1057 Auto-commit: 2026-06-22 13:12:38
2026-06-23 01:30:05 - Actual: c1adc7f6b3 Auto-commit: 2026-06-22 13:12:31
2026-06-23 01:30:05 - Actual: 5fd40d3163 Auto-commit: 2026-06-22 13:12:25
2026-06-23 01:30:05 - Actual: 764fc6adbc Auto-commit: 2026-06-22 13:12:18
2026-06-23 01:30:05 - Actual: c3137997dc Auto-commit: 2026-06-22 13:12:12
2026-06-23 01:30:05 - Actual: e11978475a Auto-commit: 2026-06-22 13:12:05
2026-06-23 01:30:05 - Actual: e4caf91708 Auto-commit: 2026-06-22 13:11:58
2026-06-23 01:30:05 - Actual: a0cb103f6f Auto-commit: 2026-06-22 13:11:52
2026-06-23 01:30:05 - Actual: a1fd31c227 Auto-commit: 2026-06-22 13:11:45
2026-06-23 01:30:05 - Actual: cfbd89f1e6 Auto-commit: 2026-06-22 13:11:38
2026-06-23 01:30:05 - Actual: 44e327a767 Auto-commit: 2026-06-22 13:11:02
2026-06-23 01:30:05 - Actual: 7501a60a35 Auto-commit: 2026-06-22 13:09:56
2026-06-23 01:30:05 - Actual: 3b2396c90c Auto-commit: 2026-06-22 13:09:32
2026-06-23 01:30:05 - Actual: 6a951c6742 Auto-commit: 2026-06-22 13:09:06
2026-06-23 01:30:05 - Actual: 45602951ed Auto-commit: 2026-06-22 13:08:59
2026-06-23 01:30:05 - Actual: 240fbda6ef Auto-commit: 2026-06-22 13:08:53
2026-06-23 01:30:05 - Actual: b5fb73f93d Auto-commit: 2026-06-22 13:08:46
2026-06-23 01:30:05 - Actual: 5b6b9ab9be Auto-commit: 2026-06-22 13:08:40
2026-06-23 01:30:05 - Actual: 29be1fe877 Auto-commit: 2026-06-22 13:08:33
2026-06-23 01:30:05 - Actual: eccb3d5e48 Auto-commit: 2026-06-22 13:08:27
2026-06-23 01:30:05 - Actual: 47cd1a795a Auto-commit: 2026-06-22 13:08:20
2026-06-23 01:30:05 - Actual: dfab9ebf95 Auto-commit: 2026-06-22 13:08:14
2026-06-23 01:30:05 - Actual: cd662767b1 Auto-commit: 2026-06-22 13:08:07
2026-06-23 01:30:05 - Actual: eaf2a3a178 Auto-commit: 2026-06-22 13:08:00
2026-06-23 01:30:05 - Actual: 87cc9ebe8c Auto-commit: 2026-06-22 13:07:54
2026-06-23 01:30:05 - Actual: daa41125d5 Auto-commit: 2026-06-22 13:07:47
2026-06-23 01:30:05 - Actual: 6dc7f77c27 Auto-commit: 2026-06-22 13:07:41
2026-06-23 01:30:05 - Actual: 671d14039a Auto-commit: 2026-06-22 13:07:34
2026-06-23 01:30:05 - Actual: 1971b17179 Auto-commit: 2026-06-22 13:07:28
2026-06-23 01:30:05 - Actual: f52200e9cc Auto-commit: 2026-06-22 13:07:21
2026-06-23 01:30:05 - Actual: a7256144ea Auto-commit: 2026-06-22 13:07:13
2026-06-23 01:30:05 - Actual: b540732ed3 Auto-commit: 2026-06-22 13:07:07
2026-06-23 01:30:05 - Actual: b03485510e Auto-commit: 2026-06-22 13:07:00
2026-06-23 01:30:05 - Actual: 581c5dba39 Auto-commit: 2026-06-22 13:06:54
2026-06-23 01:30:05 - Actual: 7bf31bc9b7 Auto-commit: 2026-06-22 13:06:47
2026-06-23 01:30:05 - Actual: 6bece5d0bd Auto-commit: 2026-06-22 13:06:41
2026-06-23 01:30:05 - Actual: 41cb891e9e Auto-commit: 2026-06-22 13:06:34
2026-06-23 01:30:05 - Actual: 7e895883da Auto-commit: 2026-06-22 13:06:28
2026-06-23 01:30:05 - Actual: fa10d8d6bc Auto-commit: 2026-06-22 13:06:21
2026-06-23 01:30:05 - Actual: 3dd92e1eca Auto-commit: 2026-06-22 13:06:15
2026-06-23 01:30:05 - Actual: f17ca05229 Auto-commit: 2026-06-22 13:06:08
2026-06-23 01:30:05 - Actual: a19a2684de Auto-commit: 2026-06-22 13:06:02
2026-06-23 01:30:05 - Actual: 3b6eb29189 Auto-commit: 2026-06-22 13:05:55
2026-06-23 01:30:05 - Actual: dca148c185 Auto-commit: 2026-06-22 13:01:41
2026-06-23 01:30:05 - Actual: 1be73865bd Auto-commit: 2026-06-22 13:01:29
2026-06-23 01:30:05 - Actual: 2374682091 Auto-commit: 2026-06-22 12:59:36
2026-06-23 01:30:05 - Actual: f65cc76a9a Auto-commit: 2026-06-22 12:59:06
2026-06-23 01:30:05 - Actual: 28d9ac4988 Auto-commit: 2026-06-22 12:58:59
2026-06-23 01:30:05 - Actual: d7745b4a4f Auto-commit: 2026-06-22 12:58:53
2026-06-23 01:30:05 - Actual: 6be5fa41a7 Auto-commit: 2026-06-22 12:58:29
2026-06-23 01:30:05 - Actual: 5d9bcb05f9 Auto-commit: 2026-06-22 12:57:11
2026-06-23 01:30:05 - Actual: b131eac644 Auto-commit: 2026-06-22 12:56:22
2026-06-23 01:30:05 - Actual: 5cfc605a4f Auto-commit: 2026-06-22 12:56:10
2026-06-23 01:30:05 - Actual: 90ea321eda Auto-commit: 2026-06-22 12:56:03
2026-06-23 01:30:05 - Actual: c0da34feae Auto-commit: 2026-06-22 12:55:27
2026-06-23 01:30:05 - Actual: f50ed3a357 Auto-commit: 2026-06-22 12:55:15
2026-06-23 01:30:05 - Actual: a29dd0c04b Auto-commit: 2026-06-22 12:55:02
2026-06-23 01:30:05 - Actual: 5a2945bb67 Auto-commit: 2026-06-22 12:54:50
2026-06-23 01:30:05 - Actual: bbc903e28c Auto-commit: 2026-06-22 12:54:34
2026-06-23 01:30:05 - Actual: 37134d78c3 Auto-commit: 2026-06-22 12:52:08
2026-06-23 01:30:05 - Actual: b68f73b990 Auto-commit: 2026-06-22 12:52:02
2026-06-23 01:30:05 - Actual: 3db08f78d1 Auto-commit: 2026-06-22 12:51:56
2026-06-23 01:30:05 - Actual: 7717588aaa Auto-commit: 2026-06-22 12:51:49
2026-06-23 01:30:05 - Actual: 31d758feca Auto-commit: 2026-06-22 12:51:37
2026-06-23 01:30:05 - Actual: 1afd372e80 Auto-commit: 2026-06-22 12:51:30
2026-06-23 01:30:05 - Actual: abe20b4f5d Auto-commit: 2026-06-22 12:51:18
2026-06-23 01:30:05 - Actual: 629b6507be Auto-commit: 2026-06-22 12:51:11
2026-06-23 01:30:05 - Actual: 4348eaaa51 Auto-commit: 2026-06-22 12:51:05
2026-06-23 01:30:05 - Actual: b7863ef9f9 Auto-commit: 2026-06-22 12:50:53
2026-06-23 01:30:05 - Actual: 2c865d801f Auto-commit: 2026-06-22 12:50:46
2026-06-23 01:30:05 - Actual: f1925d4ee1 Auto-commit: 2026-06-22 12:50:11
2026-06-23 01:30:05 - Actual: 0b65203d7a Auto-commit: 2026-06-22 12:49:59
2026-06-23 01:30:05 - Actual: feebcde2be Auto-commit: 2026-06-22 12:49:52
2026-06-23 01:30:05 - Actual: a366b66ac5 Auto-commit: 2026-06-22 12:49:22
2026-06-23 01:30:05 - Actual: be3ca48bb3 Auto-commit: 2026-06-22 12:49:16
2026-06-23 01:30:05 - Actual: 798c9ca8f6 Auto-commit: 2026-06-22 12:49:09
2026-06-23 01:30:05 - Actual: e3b1a203fb Auto-commit: 2026-06-22 12:45:40
2026-06-23 01:30:05 - Actual: 60d04a1ac7 Auto-commit: 2026-06-22 11:58:36
2026-06-23 01:30:05 - Actual: 0516c60c8b Auto-commit: 2026-06-22 11:58:30
2026-06-23 01:30:05 - Actual: fb0c75bd4c Auto-commit: 2026-06-22 11:57:18
2026-06-23 01:30:05 - Actual: 53195d313f Auto-commit: 2026-06-22 11:57:12
2026-06-23 01:30:05 - Actual: 979599906f Auto-commit: 2026-06-22 11:57:05
2026-06-23 01:30:05 - Actual: e9f29446b5 Auto-commit: 2026-06-22 11:56:59
2026-06-23 01:30:05 - Actual: f39fde46dd Auto-commit: 2026-06-22 11:56:52
2026-06-23 01:30:05 - Actual: bc722597e5 Auto-commit: 2026-06-22 11:56:46
2026-06-23 01:30:05 - Actual: 0d1bea2f56 Auto-commit: 2026-06-22 11:56:39
2026-06-23 01:30:05 - Actual: 238a23bf73 Auto-commit: 2026-06-22 11:56:03
2026-06-23 01:30:05 - Actual: 38e7bf0f58 Auto-commit: 2026-06-22 11:55:27
2026-06-23 01:30:05 - Actual: 1c1949112f Auto-commit: 2026-06-22 11:54:29
2026-06-23 01:30:05 - Actual: 329e439f3f Auto-commit: 2026-06-22 11:53:34
2026-06-23 01:30:05 - === Git Commit/Push Automation Monitor Completed ===
