[ARCHITECT] 2026-06-27T00:00:00Z — Starting Architect step for Issue #25

Analysis:
- Feature requires building a change detection layer that identifies diffs instead of full graph rebuilds
- Need incremental update pipeline for nodes, edges, layout, and manifest
- Key challenge: consistency during partial updates, especially for rename/move/delete
- Fallback to full rebuild must be preserved for recovery

Decisions:
1. ADR-1: Hash-based (SHA-256) change detection over timestamp — guarantees correctness despite git mtime issues
2. ADR-2: 300ms debounced watcher with atomic batch commits — prevents thrashing
3. ADR-3: Subgraph layout preservation — only re-layout connected nodes
4. ADR-4: Full rebuild fallback — recovery path if incremental state corrupts

Alternatives considered:
- Timestamp-based: Rejected due to unreliability with git operations
- Continuous (no debounce): Rejected due to high CPU thrashing
- Full layout every time: Rejected due to destroying user's spatial memory

Files created:
- 00-architect/plan.md — 3-phase implementation plan
- 00-architect/architecture.md — module structure and API types
- 00-architect/decisions.md — 4 architecture decisions recorded
- shared/architecture.md — system context diagram
- shared/decisions-log.md — decision log entry

[ARCHITECT] 2026-06-27T00:00:00Z — Architect step complete
