[2026-07-16 09:55] INIT: Received issue "У меня слетела кодировка в Excalidraw досках. Надо починить ее"
  Created work directory: .work/issues/issue-001-fix-excalidraw-encoding/

[2026-07-16 10:00] STEP 1: Architect - started
  Created: plan.md, architecture.md, decisions.md
  Analysis: Identified CP1251 double-encoding as root cause
  Affected: 18 of 39 Excalidraw files

[2026-07-16 10:15] STEP 2: Backend Engineer - started
  Created: fix_excalidraw_encoding.py
  Approach: Hybrid byte-level + CP1251 roundtrip fix

[2026-07-16 10:25] STEP 2: Fix executed on all corrupted files
  Result: 18 files fixed, 21 files unchanged

[2026-07-16 10:30] STEP 3: QA Engineer - completed
  Test cases: All passed
  Edge cases: All documented
  Verification: 0 corrupted patterns remain

[2026-07-16 10:40] STEP 4: Code Reviewer - completed
  Assessment: PRODUCTION READY
  Improvements: Documented for future reference

[2026-07-16 10:45] FINALIZATION: Pipeline complete
  Status: DONE
  All tasks completed successfully
