[2026-05-30 16:20:54] Starting hourly sync...
[2026-05-30 16:20:54] Running sync_leetcode.ps1...
[2026-05-30 16:20:58] sync_leetcode.ps1 finished
[2026-05-30 16:20:58] Running collect-mentions.ps1...
[2026-05-30 16:20:59] collect-mentions.ps1 finished
[2026-05-30 16:21:01] Committed: 2026-05-30 16:20
[2026-05-30 16:21:02] Starting hourly sync...
[2026-05-30 16:21:02] Running sync_leetcode.ps1...
[2026-05-30 16:21:03] sync_leetcode.ps1 finished
[2026-05-30 16:21:03] Running collect-mentions.ps1...
[2026-05-30 16:21:04] collect-mentions.ps1 finished
[2026-05-30 16:21:06] Committed: 2026-05-30 16:21
[2026-05-30 17:00:02] Starting hourly sync...
[2026-05-30 17:00:02] Running sync_leetcode.ps1...
[2026-05-30 17:00:03] sync_leetcode.ps1 finished
[2026-05-30 17:00:03] Running collect-mentions.ps1...
[2026-05-30 17:00:05] collect-mentions.ps1 finished
[2026-05-30 17:00:09] Committed: 2026-05-30 17:00
[2026-05-30 18:00:02] Starting hourly sync...
[2026-05-30 18:00:02] Running sync_leetcode.ps1...
[2026-05-30 18:00:03] sync_leetcode.ps1 finished
[2026-05-30 18:00:03] Running collect-mentions.ps1...
[2026-05-30 18:00:04] collect-mentions.ps1 finished
[2026-05-30 18:00:17] Committed: 2026-05-30 18:00
[2026-05-30 20:00:01] Starting hourly sync...
[2026-05-30 20:00:01] Running sync_leetcode.ps1...
[2026-05-30 20:00:04] sync_leetcode.ps1 finished
[2026-05-30 20:00:04] Running collect-mentions.ps1...
[2026-05-30 20:00:04] collect-mentions.ps1 finished
[2026-05-30 20:00:04] Running Sort-BoardTasks.ps1...
[2026-05-30 20:00:05] Sort-BoardTasks.ps1 finished
