[2026-06-10 15:54:44] Loop started. PID=10024 interval=5s
[2026-06-10 15:54:44] Found 4493 diary files
[2026-06-10 15:54:44] 
[2026-06-10 15:54:44] File: C:\obsidian\Main\Calendula\Calendula\2026\Июнь\05.5-06-2026.md
[2026-06-10 15:54:44] People: 5 -> split file: C:\obsidian\Main\Calendula\Calendula\2026\Июнь\05.5-06-26.md
[2026-06-10 15:54:44] 
[2026-06-10 15:54:44] File: C:\obsidian\Main\Calendula\Calendula\2026\Июнь\07.9-06-2026.md
[2026-06-10 15:54:44] People: 7 -> split file: C:\obsidian\Main\Calendula\Calendula\2026\Июнь\07.9-06-26.md
[2026-06-10 15:54:44] 
[2026-06-10 15:54:44] File: C:\obsidian\Main\Calendula\Calendula\2026\Май\05.13-05-2026.md
[2026-06-10 15:54:44] People: 5 -> split file: C:\obsidian\Main\Calendula\Calendula\2026\Май\05.13-05-26.md
[2026-06-10 15:54:44] 
[2026-06-10 15:54:44] File: C:\obsidian\Main\Calendula\Calendula\2026\Май\05.31-05-2026.md
[2026-06-10 15:54:44] People: 5 -> split file: C:\obsidian\Main\Calendula\Calendula\2026\Май\05.31-05-26.md
[2026-06-10 15:54:44] 
[2026-06-10 15:54:44] File: C:\obsidian\Main\Calendula\Calendula\2026\Май\05.7-05-2026.md
[2026-06-10 15:54:44] People: 5 -> split file: C:\obsidian\Main\Calendula\Calendula\2026\Май\05.7-05-26.md
[2026-06-10 15:54:44] 
[2026-06-10 15:54:44] File: C:\obsidian\Main\Calendula\Calendula\2026\Май\06.22-05-2026.md
[2026-06-10 15:54:44] People: 6 -> split file: C:\obsidian\Main\Calendula\Calendula\2026\Май\06.22-05-26.md
[2026-06-10 15:54:44] 
[2026-06-10 15:54:44] File: C:\obsidian\Main\Calendula\Calendula\2026\Май\07.16-05-2026.md
[2026-06-10 15:54:44] People: 7 -> split file: C:\obsidian\Main\Calendula\Calendula\2026\Май\07.16-05-26.md
[2026-06-10 15:54:44] 
[2026-06-10 15:54:44] File: C:\obsidian\Main\Calendula\Calendula\2026\Май\08.15-05-2026.md
[2026-06-10 15:54:44] People: 8 -> split file: C:\obsidian\Main\Calendula\Calendula\2026\Май\08.15-05-26.md
[2026-06-10 15:54:44] 
[2026-06-10 15:54:44] File: C:\obsidian\Main\Calendula\Calendula\2026\Май\09.17-05-2026.md
[2026-06-10 15:54:44] People: 9 -> split file: C:\obsidian\Main\Calendula\Calendula\2026\Май\09.17-05-26.md
[2026-06-10 15:54:44] 
[2026-06-10 15:54:44] Done
[2026-06-10 15:54:44] Split run completed successfully.
