[2026-05-15 22:06:02] Added lines: 132. Threshold: 1000. Nothing to do.
[2026-05-15 22:10:07] Success. Commit: 2026-05-15. Push completed.
[2026-05-16 22:10:16] Success. Commit: 2026-05-16. Push completed.
[2026-05-17 22:10:11] Success. Commit: 2026-05-17. Push completed.
[2026-05-18 22:11:22] git fetch failed with code 128
[2026-05-19 22:10:21] Success. Commit: 2026-05-19. Push completed.
[2026-05-21 22:10:17] git push failed with code 1
[2026-05-22 22:10:18] git push failed with code 1
[2026-05-24 22:10:15] git push failed with code 1
[2026-05-25 22:10:14] git push failed with code 1
[2026-05-26 22:10:21] Success. Commit: 2026-05-26. Push completed.
[2026-05-27 22:12:36] Success. Commit: 2026-05-27. Push completed.
[2026-05-28 18:54:05] Running collect-mentions.ps1...
[2026-05-28 18:54:06] collect-mentions.ps1 finished
[2026-05-28 18:57:58] Success. Commit: 2026-05-28. Push completed.
[2026-05-28 22:10:01] Running collect-mentions.ps1...
[2026-05-28 22:10:02] collect-mentions.ps1 finished
[2026-05-29 22:10:03] Running collect-mentions.ps1...
[2026-05-29 22:10:05] collect-mentions.ps1 finished
[2026-05-30 20:01:48] Running collect-mentions.ps1...
[2026-05-30 20:01:49] collect-mentions.ps1 finished
[2026-05-30 20:02:09] Success. Commit: 2026-05-30. Push completed.
