# Architect Log

## Pipeline Step: ARCHITECT

### 2026-06-28T11:45:37Z
**Architect Step Initiated**

**Decisions Made:**
1. File Structure Preservation: Maintain original directory hierarchy and file organization for accurate analysis
2. Complete Content Extraction Strategy: Extract full markdown file content including front matter for comprehensive analysis
3. Structured Markdown Output: Use structured markdown format for reports to ensure good readability and version control
4. Full Repository Coverage: Include all files in the repository for complete analysis completeness
5. Error Resilience: Continue analysis despite individual file errors to ensure robust processing
6. Progress Tracking: Implement comprehensive logging at each step for monitoring and debugging

**Architecture Overview:**
- Directory Scanner: Recursively walks file system, captures paths and patterns
- Content Analyzer: Extracts content, identifies themes and categorizes files
- Report Generator: Creates structured analysis reports with comprehensive summaries
- Structure Layer: Builds directory map and organization structure

**Implementation Plan:**
1. Initialize analysis environment
2. Discover repository structure through recursive scanning
3. Extract and categorize file contents
4. Organize files by themes and patterns
5. Generate comprehensive analysis reports

**Key Design Decisions:**
- All decisions prioritize comprehensive analysis over efficiency
- Trade-offs between completeness and efficiency considered
- Output format preserves original content integrity
- Implementation leverages existing system tools and infrastructure

**Next Steps:**
Parallel execution with Backend and Frontend engineers for content extraction and analysis implementation.

**Status:** ARCHITECT_DONE ✓