# Orchestrator Log

## Pipeline Progress Summary

- [x] Issue #15: CPU Governor → Worker Pool
- [x] Architect: Created plan.md, architecture.md, decisions.md
- [x] Backend: Implemented GovernorWorkerBridge and WorkerTaskController config
- [x] Frontend: Created SAFE MODE diagram and constraints.md
- [x] QA: Developed test cases, edge cases, and validation rules
- [x] Code Review: Completed security, architecture, and production readiness review

## Key Decisions and Rationale

### Architecture Decisions
1. **Bridge Pattern**: Used GovernorWorkerBridge as adapter between ThroughputGovernor and WorkerTaskController
   - Reason: Clean separation of concerns, maintains purity of ThroughputGovernor
   - Alternative: Direct integration would violate SRP and create tight coupling

2. **100ms Throttle**: Governor observation throttled to minimum 100ms interval
   - Reason: Prevents governor storms from creating unnecessary CPU load
   - Alternative: requestAnimationFrame frame rate - rejected as not in render loop context

3. **Emergency Throttle Logic**: Emergency mode forces immediate task cancellation and minimal config
   - Reason: Rapid load reduction when system is under extreme pressure
   - Alternative: Gradual scaling - too slow for emergency situations

### Configuration Management
- WorkerTaskController now supports dynamic configuration via setWorkerConfig() and getWorkerConfig()
- Configuration is frozen/immutable to prevent runtime mutations
- Safe defaults prevent invalid states

### Integration Points
- Bridge collects metrics from os/process (CPU, memory, event loop)
- All metric values are clamped to safe ranges
- Emergency mode triggers cancelStale() and minimal configuration

## System Metrics Collected
- Event loop delay P95 (from timing measurements)
- Memory usage ratio (process + system)
- Facts per second (processing throughput)
- GC pause times
- Disk latency
- IO queue length
- Active handles and socket counts

## Pipeline Execution Steps
1. read shared/context.md and validate issue requirements
2. Create architectural deliverables in 00-architect/
3. Implement backend bridge in 01-backend-engineer/
4. Create frontend safety constraints in 02-frontend-engineer/
5. Develop comprehensive QA test suite in 03-qa-engineer/
6. Complete security and architecture review in 04-code-reviewer/
7. Update shared documentation and finalize pipeline

## Current Status
✅ **PIPELINE COMPLETE** - Issue #15 successfully implemented

- **Architcture**: GovernorWorkerBridge pattern with 100ms throttle
- **Backend**: Full metrics collection and decision application
- **Frontend**: Safety constraints and SAFE MODE compliance
- **QA**: 10 test cases + 8 edge cases + 4 failure scenarios
- **Security**: All inputs clamped, pure functions, no dynamic requires

## Files Created/Updated
- graph-governor-worker-bridge.js (NEW)
- graph-worker-layer.js (MODIFIED with setWorkerConfig/getWorkerConfig)
- plan.md, architecture.md, decisions.md (COMPLETE)
- constraints.md, safe-mode.md (NEW)
- test-cases.md, edge-cases.md, failure-scenarios.md, validation-rules.md (NEW)
- review.md (COMPLETE)

## Quality Metrics
- All 10 safety constraints satisfied
- Production ready ✓
- No memory leaks (bounded history)
- Proper error handling and logging