[2026-06-26 13:12] REVIEWER: Code Review for Issue #111
[2026-06-26 13:12] REVIEWER: File reviewed: packages/opencode/src/cli/cmd/account.ts
[2026-06-26 13:12] REVIEWER: 
[2026-06-26 13:12] REVIEWER: === Security ===
[2026-06-26 13:12] REVIEWER: ✓ No secrets exposed
[2026-06-26 13:12] REVIEWER: ✓ No new dependencies
[2026-06-26 13:12] REVIEWER: ✓ Error message does not leak system info
[2026-06-26 13:12] REVIEWER: 
[2026-06-26 13:12] REVIEWER: === Architecture ===
[2026-06-26 13:12] REVIEWER: ✓ Minimal change — only openBrowser helper modified
[2026-06-26 13:12] REVIEWER: ✓ Proper Effect integration (catchAll + Prompt.log.warn)
[2026-06-26 13:12] REVIEWER: ✓ No changes to OAuth/data flow
[2026-06-26 13:12] REVIEWER: ✓ Follows existing patterns from codebase
[2026-06-26 13:12] REVIEWER: 
[2026-06-26 13:12] REVIEWER: === Bugs ===
[2026-06-26 13:12] REVIEWER: ✓ No bugs found
[2026-06-26 13:12] REVIEWER: ✓ Effect.catchAll properly catches all errors from open()
[2026-06-26 13:12] REVIEWER: 
[2026-06-26 13:12] REVIEWER: === Improvements ===
[2026-06-26 13:12] REVIEWER: ✓ Message is clear and actionable
[2026-06-26 13:12] REVIEWER: ⚠ Consider adding similar warnings to other open() call sites (out of scope for this issue)
[2026-06-26 13:12] REVIEWER: 
[2026-06-26 13:12] REVIEWER: === Production Readiness ===
[2026-06-26 13:12] REVIEWER: ✓ Non-blocking — works in headless and desktop environments
[2026-06-26 13:12] REVIEWER: ✓ Backward compatible
[2026-06-26 13:12] REVIEWER: ✓ No breaking changes
[2026-06-26 13:12] REVIEWER: 
[2026-06-26 13:12] REVIEWER: === Verdict: APPROVED ===
