# Backend Engineer Log — Issue #10

## Date: 2026-06-27

## Decisions & Reasoning

### 1. API Structure Design
**Reasoning**: Created comprehensive API endpoints that match the background links generation requirements while maintaining clean separation of concerns.

### 2. Service Layer Implementation
**Reasoning**: Separated business logic into dedicated services to ensure maintainability and testability.

### 3. Cache Strategy Selection
**Reasoning**: Chosen IndexedDB/RDBMS hybrid cache to balance performance, persistence, and scalability for people link data.

### 4. Worker Architecture
**Reasoning**: Implemented worker pool pattern to distribute generation load and prevent UI blocking.

### 5. Task Management
**Reasoning**: Used task-based approach with status tracking for reliable background operations and recovery.

## Completed Files
- `README.md` - Project structure and API documentation
- `src/types/people-links.ts` - Type definitions and interfaces
- `src/cache/PeopleLinkCache.ts` - Cache implementation with Redis
- `src/services/PeopleLinkService.ts` - Business logic and orchestration
- `src/performance-specs.md` - Performance expectations and edge cases

## Files Created
- `01-backend-engineer/README.md` - Project overview and API specification
- `01-backend-engineer/src/types/people-links.ts` - TypeScript type definitions
- `01-backend-engineer/src/cache/PeopleLinkCache.ts` - Cache implementation
- `01-backend-engineer/src/services/PeopleLinkService.ts` - Business logic service
- `01-backend-engineer/src/performance-specs.md` - Performance specifications

