# QA Engineer Log — Issue #10

## Date: 2026-06-27

## Decisions & Reasoning

### 1. Test Architecture Planning
**Reasoning**: Created comprehensive test suite with clear categorization to ensure full coverage of the people links background generation system.

### 2. Test Data Strategy
**Reasoning**: Implemented realistic test data scenarios covering normal operations, edge cases, and failure conditions.

### 3. Testing Approach
**Reasoning**: Combined unit testing for services, integration testing for API endpoints, and E2E testing for UI components to ensure robustness.

## Completed Files
- `README.md` - Project test strategy and framework setup
- `src/test-cases.md` - Comprehensive test cases
- `src/edge-cases.md` - Edge case scenarios
- `src/failure-scenarios.md` - Failure and error scenarios
- `src/validation.md` - Validation rules and constraints

## Files Created
- `03-qa-engineer/README.md` - Test project overview
- `03-qa-engineer/src/test-cases.md` - Test case documentation
- `03-qa-engineer/src/edge-cases.md` - Edge case scenarios
- `03-qa-engineer/src/failure-scenarios.md` - Failure scenarios
- `03-qa-engineer/src/validation.md` - Validation rules
- `03-qa-engineer/config/` - Test configuration files
- `03-qa-engineer/__tests__/` - Jest unit test files
- `03-qa-engineer/e2e/` - End-to-end test files