[2026-07-14 02:34] ORCHESTRATOR STARTED
[2026-07-14 02:34] Issue: Personal Intelligence Task System (PITS)
[2026-07-14 02:34] Creating work directory structure...
[2026-07-14 02:34] Created: .work/issues/1-personal-intelligence-task-system/
[2026-07-14 02:34] Pipeline initialized: 00-architect, 01-backend-engineer, 02-frontend-engineer, 03-qa-engineer, 04-code-reviewer, shared

[2026-07-14 02:35] STEP 1 — ARCHITECT — START
[2026-07-14 02:35] Created: plan.md — full implementation plan (10 stages)
[2026-07-14 02:35] Created: architecture.md — system diagram, data flow, DB schema, API contract
[2026-07-14 02:35] Created: decisions.md — 10 ADRs with reasoning
[2026-07-14 02:35] STEP 1 — ARCHITECT — DONE

[2026-07-14 02:36] STEP 2 — BACKEND ENGINEER — START
[2026-07-14 02:36] Created memory/ — database.py, models.py, storage.py, search.py
[2026-07-14 02:36] Created ingestion/ — loader.py, parser.py, cleaner.py
[2026-07-14 02:36] Created analyzer/ — agent.py, prompts.py, parser.py, validator.py
[2026-07-14 02:36] Created decision_engine/ — router.py, dedup.py, feedback.py
[2026-07-14 02:36] Created user_model/ — profile.py, learner.py
[2026-07-14 02:36] Created reflection/ — daily.py, weekly.py
[2026-07-14 02:36] Created nirvana_client/ — bridge.py
[2026-07-14 02:36] Created api/ — main.py, routes.py, schemas.py
[2026-07-14 02:36] Created config/ — settings.py, config.yaml
[2026-07-14 02:36] Created tests/ — 7 test files, 63 initial tests
[2026-07-14 02:36] Fixed: relative import bug in all modules
[2026-07-14 02:37] Tests: 63/63 PASS (first run)
[2026-07-14 02:37] Fixed: dedup.py similarity for 2-word phrases
[2026-07-14 02:37] Fixed: analyzer/parser.py None crash
[2026-07-14 02:37] Fixed: learner.py threshold off-by-one
[2026-07-14 02:37] Added: edge case tests (+14 tests)
[2026-07-14 02:37] Tests: 77/77 PASS (final)
[2026-07-14 02:37] STEP 2 — BACKEND ENGINEER — DONE

[2026-07-14 02:37] STEP 2 — FRONTEND ENGINEER — START
[2026-07-14 02:37] Created: cli.py — 5 commands: analyze, ingest, memory, tasks, suggestions
[2026-07-14 02:37] Created: human_approval.py — interactive approval mode
[2026-07-14 02:37] Created: start.sh, run_pipeline.ps1 — launch scripts
[2026-07-14 02:37] STEP 2 — FRONTEND ENGINEER — DONE

[2026-07-14 02:37] STEP 3 — QA ENGINEER — START
[2026-07-14 02:37] Created: test_cases.md — 70+ test cases with status
[2026-07-14 02:37] Created: failure_scenarios.md — 7 failure scenarios with recovery
[2026-07-14 02:37] Created: tests_edge_cases.py — 20 edge case tests
[2026-07-14 02:37] Verified: all 77 tests passing
[2026-07-14 02:37] STEP 3 — QA ENGINEER — DONE

[2026-07-14 02:37] STEP 4 — CODE REVIEWER — START
[2026-07-14 02:37] Reviewed: all 10 modules, 41 source files, ~1600 LOC
[2026-07-14 02:37] Security: SQL injection safe, no hardcoded secrets
[2026-07-14 02:37] Architecture: proper isolation, graceful degradation
[2026-07-14 02:37] Created: review.md — full review report
[2026-07-14 02:37] Created: reviewer.log — detailed review log
[2026-07-14 02:37] Verdict: PRODUCTION READY
[2026-07-14 02:37] STEP 4 — CODE REVIEWER — DONE

[2026-07-14 02:37] FINALIZATION — START
[2026-07-14 02:37] Updated: shared/context.md — status DONE
[2026-07-14 02:37] Updated: shared/architecture.md — final architecture
[2026-07-14 02:37] Updated: shared/decisions-log.md — all ADRs
[2026-07-14 02:37] FINALIZATION — DONE
[2026-07-14 02:37] ORCHESTRATOR COMPLETE — ALL STEPS PASSED
