[2026-07-20 00:00:52] [obsidian] Starting (check: 5s, push: 5m)
[2026-07-20 00:00:52] [obsidian] Pushing to origin/master ...
[2026-07-20 00:01:10] [obsidian] Starting (check: 5s, push: 5m)
[2026-07-20 00:01:10] [obsidian] Pushing to origin/master ...
[2026-07-20 00:01:19] [obsidian] Push completed successfully
[2026-07-20 00:01:24] [obsidian] Branch mismatch: on '', expected 'master'. Switching...
[2026-07-20 00:01:24] [obsidian] ERROR: Failed to switch to branch 'master'
[2026-07-20 00:01:26] [obsidian] Starting (check: 5s, push: 5m)
[2026-07-20 00:01:26] [obsidian] Pushing to origin/master ...
[2026-07-20 00:01:36] [obsidian] Push completed successfully
[2026-07-20 00:06:29] [obsidian] Pushing to origin/master ...
[2026-07-20 00:06:39] [obsidian] Push completed successfully
[2026-07-20 00:10:06] [obsidian] Heartbeat: 0 file(s) changed
[2026-07-20 00:11:32] [obsidian] Pushing to origin/master ...
[2026-07-20 00:11:42] [obsidian] Push completed successfully
[2026-07-20 00:16:35] [obsidian] Pushing to origin/master ...
[2026-07-20 00:16:45] [obsidian] Push completed successfully
[2026-07-20 00:18:52] [obsidian] Heartbeat: 0 file(s) changed
[2026-07-20 00:21:39] [obsidian] Pushing to origin/master ...
[2026-07-20 00:21:48] [obsidian] Push completed successfully
[2026-07-20 00:26:42] [obsidian] Pushing to origin/master ...
[2026-07-20 00:26:51] [obsidian] Push completed successfully
[2026-07-20 00:27:37] [obsidian] Heartbeat: 0 file(s) changed
[2026-07-20 00:31:45] [obsidian] Pushing to origin/master ...
[2026-07-20 00:31:55] [obsidian] Push completed successfully
[2026-07-20 00:36:13] [obsidian] Heartbeat: 0 file(s) changed
[2026-07-20 00:36:48] [obsidian] Pushing to origin/master ...
[2026-07-20 00:36:58] [obsidian] Push completed successfully
[2026-07-20 00:41:52] [obsidian] Pushing to origin/master ...
[2026-07-20 00:42:01] [obsidian] Push completed successfully
[2026-07-20 00:44:58] [obsidian] Heartbeat: 0 file(s) changed
[2026-07-20 00:46:55] [obsidian] Pushing to origin/master ...
[2026-07-20 00:47:05] [obsidian] Push completed successfully
[2026-07-20 00:51:58] [obsidian] Pushing to origin/master ...
[2026-07-20 00:52:12] [obsidian] Push completed successfully
[2026-07-20 00:53:49] [obsidian] Heartbeat: 0 file(s) changed
[2026-07-20 00:57:01] [obsidian] Pushing to origin/master ...
[2026-07-20 00:57:29] [obsidian] Push completed successfully
[2026-07-20 01:02:02] [obsidian] Pushing to origin/master ...
[2026-07-20 01:02:13] [obsidian] Push completed successfully
[2026-07-20 01:02:54] [obsidian] Heartbeat: 0 file(s) changed
[2026-07-20 01:07:07] [obsidian] Pushing to origin/master ...
[2026-07-20 01:07:17] [obsidian] Push completed successfully
[2026-07-20 01:11:30] [obsidian] Heartbeat: 0 file(s) changed
[2026-07-20 01:12:11] [obsidian] Pushing to origin/master ...
[2026-07-20 01:12:20] [obsidian] Push completed successfully
[2026-07-20 01:17:14] [obsidian] Pushing to origin/master ...
[2026-07-20 01:17:24] [obsidian] Push completed successfully
[2026-07-20 01:20:16] [obsidian] Heartbeat: 0 file(s) changed
[2026-07-20 01:22:18] [obsidian] Pushing to origin/master ...
[2026-07-20 01:22:27] [obsidian] Push completed successfully
[2026-07-20 01:27:21] [obsidian] Pushing to origin/master ...
[2026-07-20 01:27:31] [obsidian] Push completed successfully
[2026-07-20 01:29:02] [obsidian] Heartbeat: 0 file(s) changed
[2026-07-20 01:32:24] [obsidian] Pushing to origin/master ...
[2026-07-20 01:32:34] [obsidian] Push completed successfully
[2026-07-20 01:37:28] [obsidian] Pushing to origin/master ...
[2026-07-20 01:37:38] [obsidian] Push completed successfully
[2026-07-20 01:37:48] [obsidian] Heartbeat: 0 file(s) changed
[2026-07-20 01:42:32] [obsidian] Pushing to origin/master ...
[2026-07-20 01:42:41] [obsidian] Push completed successfully
[2026-07-20 01:46:24] [obsidian] Heartbeat: 0 file(s) changed
[2026-07-20 01:47:35] [obsidian] Pushing to origin/master ...
[2026-07-20 01:47:45] [obsidian] Push completed successfully
[2026-07-20 01:52:38] [obsidian] Pushing to origin/master ...
[2026-07-20 01:52:48] [obsidian] Push completed successfully
[2026-07-20 01:55:10] [obsidian] Heartbeat: 0 file(s) changed
[2026-07-20 01:57:42] [obsidian] Pushing to origin/master ...
[2026-07-20 01:57:52] [obsidian] Push completed successfully
[2026-07-20 02:02:45] [obsidian] Pushing to origin/master ...
[2026-07-20 02:02:55] [obsidian] Push completed successfully
[2026-07-20 02:03:56] [obsidian] Heartbeat: 0 file(s) changed
[2026-07-20 02:07:49] [obsidian] Pushing to origin/master ...
[2026-07-20 02:07:59] [obsidian] Push completed successfully
[2026-07-20 02:12:32] [obsidian] Heartbeat: 0 file(s) changed
[2026-07-20 02:12:52] [obsidian] Pushing to origin/master ...
[2026-07-20 02:13:02] [obsidian] Push completed successfully
[2026-07-20 02:17:56] [obsidian] Pushing to origin/master ...
[2026-07-20 02:18:06] [obsidian] Push completed successfully
[2026-07-20 02:21:18] [obsidian] Heartbeat: 0 file(s) changed
[2026-07-20 02:22:59] [obsidian] Pushing to origin/master ...
[2026-07-20 02:23:09] [obsidian] Push completed successfully
[2026-07-20 02:28:03] [obsidian] Pushing to origin/master ...
[2026-07-20 02:28:12] [obsidian] Push completed successfully
[2026-07-20 02:30:04] [obsidian] Heartbeat: 0 file(s) changed
[2026-07-20 02:33:06] [obsidian] Pushing to origin/master ...
[2026-07-20 02:33:16] [obsidian] Push completed successfully
[2026-07-20 02:38:09] [obsidian] Pushing to origin/master ...
[2026-07-20 02:38:19] [obsidian] Push completed successfully
[2026-07-20 02:38:50] [obsidian] Heartbeat: 0 file(s) changed
[2026-07-20 02:43:13] [obsidian] Pushing to origin/master ...
[2026-07-20 02:43:23] [obsidian] Push completed successfully
[2026-07-20 02:47:26] [obsidian] Heartbeat: 0 file(s) changed
[2026-07-20 02:48:16] [obsidian] Pushing to origin/master ...
[2026-07-20 02:48:26] [obsidian] Push completed successfully
[2026-07-20 02:53:19] [obsidian] Pushing to origin/master ...
[2026-07-20 02:53:29] [obsidian] Push completed successfully
[2026-07-20 02:56:11] [obsidian] Heartbeat: 0 file(s) changed
[2026-07-20 02:58:22] [obsidian] Pushing to origin/master ...
[2026-07-20 02:58:32] [obsidian] Push completed successfully
[2026-07-20 03:03:26] [obsidian] Pushing to origin/master ...
[2026-07-20 03:03:35] [obsidian] Push completed successfully
[2026-07-20 03:04:56] [obsidian] Heartbeat: 0 file(s) changed
[2026-07-20 03:08:29] [obsidian] Pushing to origin/master ...
[2026-07-20 03:08:39] [obsidian] Push completed successfully
[2026-07-20 03:13:32] [obsidian] Pushing to origin/master ...
[2026-07-20 03:13:42] [obsidian] Push completed successfully
[2026-07-20 03:13:42] [obsidian] Heartbeat: 0 file(s) changed
[2026-07-20 03:18:32] [obsidian] Pushing to origin/master ...
[2026-07-20 03:18:42] [obsidian] Push completed successfully
[2026-07-20 03:22:20] [obsidian] Heartbeat: 0 file(s) changed
